Archive member included to satisfy reference by file (symbol)

c:/st/stm32cubeide_1.9.0/stm32cubeide/plugins/com.st.stm32cube.ide.mcu.externaltools.gnu-tools-for-stm32.10.3-2021.10.win32_1.0.0.202111181127/tools/bin/../lib/gcc/arm-none-eabi/10.3.1/../../../../arm-none-eabi/lib/thumb/v7e-m+fp/hard\libc_nano.a(lib_a-errno.o)
                              ./Core/Src/syscalls.o (__errno)
c:/st/stm32cubeide_1.9.0/stm32cubeide/plugins/com.st.stm32cube.ide.mcu.externaltools.gnu-tools-for-stm32.10.3-2021.10.win32_1.0.0.202111181127/tools/bin/../lib/gcc/arm-none-eabi/10.3.1/../../../../arm-none-eabi/lib/thumb/v7e-m+fp/hard\libc_nano.a(lib_a-exit.o)
                              c:/st/stm32cubeide_1.9.0/stm32cubeide/plugins/com.st.stm32cube.ide.mcu.externaltools.gnu-tools-for-stm32.10.3-2021.10.win32_1.0.0.202111181127/tools/bin/../lib/gcc/arm-none-eabi/10.3.1/../../../../arm-none-eabi/lib/thumb/v7e-m+fp/hard/crt0.o (exit)
c:/st/stm32cubeide_1.9.0/stm32cubeide/plugins/com.st.stm32cube.ide.mcu.externaltools.gnu-tools-for-stm32.10.3-2021.10.win32_1.0.0.202111181127/tools/bin/../lib/gcc/arm-none-eabi/10.3.1/../../../../arm-none-eabi/lib/thumb/v7e-m+fp/hard\libc_nano.a(lib_a-impure.o)
                              c:/st/stm32cubeide_1.9.0/stm32cubeide/plugins/com.st.stm32cube.ide.mcu.externaltools.gnu-tools-for-stm32.10.3-2021.10.win32_1.0.0.202111181127/tools/bin/../lib/gcc/arm-none-eabi/10.3.1/../../../../arm-none-eabi/lib/thumb/v7e-m+fp/hard\libc_nano.a(lib_a-exit.o) (_global_impure_ptr)
c:/st/stm32cubeide_1.9.0/stm32cubeide/plugins/com.st.stm32cube.ide.mcu.externaltools.gnu-tools-for-stm32.10.3-2021.10.win32_1.0.0.202111181127/tools/bin/../lib/gcc/arm-none-eabi/10.3.1/../../../../arm-none-eabi/lib/thumb/v7e-m+fp/hard\libc_nano.a(lib_a-init.o)
                              c:/st/stm32cubeide_1.9.0/stm32cubeide/plugins/com.st.stm32cube.ide.mcu.externaltools.gnu-tools-for-stm32.10.3-2021.10.win32_1.0.0.202111181127/tools/bin/../lib/gcc/arm-none-eabi/10.3.1/../../../../arm-none-eabi/lib/thumb/v7e-m+fp/hard/crt0.o (__libc_init_array)
c:/st/stm32cubeide_1.9.0/stm32cubeide/plugins/com.st.stm32cube.ide.mcu.externaltools.gnu-tools-for-stm32.10.3-2021.10.win32_1.0.0.202111181127/tools/bin/../lib/gcc/arm-none-eabi/10.3.1/../../../../arm-none-eabi/lib/thumb/v7e-m+fp/hard\libc_nano.a(lib_a-memset.o)
                              c:/st/stm32cubeide_1.9.0/stm32cubeide/plugins/com.st.stm32cube.ide.mcu.externaltools.gnu-tools-for-stm32.10.3-2021.10.win32_1.0.0.202111181127/tools/bin/../lib/gcc/arm-none-eabi/10.3.1/../../../../arm-none-eabi/lib/thumb/v7e-m+fp/hard/crt0.o (memset)
c:/st/stm32cubeide_1.9.0/stm32cubeide/plugins/com.st.stm32cube.ide.mcu.externaltools.gnu-tools-for-stm32.10.3-2021.10.win32_1.0.0.202111181127/tools/bin/../lib/gcc/arm-none-eabi/10.3.1/thumb/v7e-m+fp/hard\libgcc.a(_aeabi_uldivmod.o)
                              ./Drivers/STM32F4xx_HAL_Driver/Src/stm32f4xx_hal_rcc.o (__aeabi_uldivmod)
c:/st/stm32cubeide_1.9.0/stm32cubeide/plugins/com.st.stm32cube.ide.mcu.externaltools.gnu-tools-for-stm32.10.3-2021.10.win32_1.0.0.202111181127/tools/bin/../lib/gcc/arm-none-eabi/10.3.1/thumb/v7e-m+fp/hard\libgcc.a(_udivmoddi4.o)
                              c:/st/stm32cubeide_1.9.0/stm32cubeide/plugins/com.st.stm32cube.ide.mcu.externaltools.gnu-tools-for-stm32.10.3-2021.10.win32_1.0.0.202111181127/tools/bin/../lib/gcc/arm-none-eabi/10.3.1/thumb/v7e-m+fp/hard\libgcc.a(_aeabi_uldivmod.o) (__udivmoddi4)
c:/st/stm32cubeide_1.9.0/stm32cubeide/plugins/com.st.stm32cube.ide.mcu.externaltools.gnu-tools-for-stm32.10.3-2021.10.win32_1.0.0.202111181127/tools/bin/../lib/gcc/arm-none-eabi/10.3.1/thumb/v7e-m+fp/hard\libgcc.a(_dvmd_tls.o)
                              c:/st/stm32cubeide_1.9.0/stm32cubeide/plugins/com.st.stm32cube.ide.mcu.externaltools.gnu-tools-for-stm32.10.3-2021.10.win32_1.0.0.202111181127/tools/bin/../lib/gcc/arm-none-eabi/10.3.1/thumb/v7e-m+fp/hard\libgcc.a(_aeabi_uldivmod.o) (__aeabi_ldiv0)

Discarded input sections

 .text          0x0000000000000000        0x0 c:/st/stm32cubeide_1.9.0/stm32cubeide/plugins/com.st.stm32cube.ide.mcu.externaltools.gnu-tools-for-stm32.10.3-2021.10.win32_1.0.0.202111181127/tools/bin/../lib/gcc/arm-none-eabi/10.3.1/thumb/v7e-m+fp/hard/crti.o
 .data          0x0000000000000000        0x0 c:/st/stm32cubeide_1.9.0/stm32cubeide/plugins/com.st.stm32cube.ide.mcu.externaltools.gnu-tools-for-stm32.10.3-2021.10.win32_1.0.0.202111181127/tools/bin/../lib/gcc/arm-none-eabi/10.3.1/thumb/v7e-m+fp/hard/crti.o
 .bss           0x0000000000000000        0x0 c:/st/stm32cubeide_1.9.0/stm32cubeide/plugins/com.st.stm32cube.ide.mcu.externaltools.gnu-tools-for-stm32.10.3-2021.10.win32_1.0.0.202111181127/tools/bin/../lib/gcc/arm-none-eabi/10.3.1/thumb/v7e-m+fp/hard/crti.o
[...]
Memory Configuration

Name             Origin             Length             Attributes
CCMRAM           0x0000000010000000 0x0000000000010000 xrw
RAM              0x0000000020000000 0x0000000000020000 xrw
FLASH            0x0000000008000000 0x0000000000080000 xr
*default*        0x0000000000000000 0xffffffffffffffff

Linker script and memory map

LOAD c:/st/stm32cubeide_1.9.0/stm32cubeide/plugins/com.st.stm32cube.ide.mcu.externaltools.gnu-tools-for-stm32.10.3-2021.10.win32_1.0.0.202111181127/tools/bin/../lib/gcc/arm-none-eabi/10.3.1/thumb/v7e-m+fp/hard/crti.o
LOAD c:/st/stm32cubeide_1.9.0/stm32cubeide/plugins/com.st.stm32cube.ide.mcu.externaltools.gnu-tools-for-stm32.10.3-2021.10.win32_1.0.0.202111181127/tools/bin/../lib/gcc/arm-none-eabi/10.3.1/thumb/v7e-m+fp/hard/crtbegin.o
LOAD c:/st/stm32cubeide_1.9.0/stm32cubeide/plugins/com.st.stm32cube.ide.mcu.externaltools.gnu-tools-for-stm32.10.3-2021.10.win32_1.0.0.202111181127/tools/bin/../lib/gcc/arm-none-eabi/10.3.1/../../../../arm-none-eabi/lib/thumb/v7e-m+fp/hard/crt0.o
LOAD ./Core/Src/audioplay.o
LOAD ./Core/Src/dma.o
LOAD ./Core/Src/gpio.o
LOAD ./Core/Src/i2s.o
LOAD ./Core/Src/main.o
LOAD ./Core/Src/stm32f4xx_hal_msp.o
LOAD ./Core/Src/stm32f4xx_it.o
LOAD ./Core/Src/syscalls.o
LOAD ./Core/Src/sysmem.o
LOAD ./Core/Src/system_stm32f4xx.o
LOAD ./Core/Startup/startup_stm32f407vetx.o
LOAD ./Drivers/STM32F4xx_HAL_Driver/Src/stm32f4xx_hal.o
LOAD ./Drivers/STM32F4xx_HAL_Driver/Src/stm32f4xx_hal_cortex.o
LOAD ./Drivers/STM32F4xx_HAL_Driver/Src/stm32f4xx_hal_dma.o
LOAD ./Drivers/STM32F4xx_HAL_Driver/Src/stm32f4xx_hal_dma_ex.o
LOAD ./Drivers/STM32F4xx_HAL_Driver/Src/stm32f4xx_hal_exti.o
LOAD ./Drivers/STM32F4xx_HAL_Driver/Src/stm32f4xx_hal_flash.o
LOAD ./Drivers/STM32F4xx_HAL_Driver/Src/stm32f4xx_hal_flash_ex.o
LOAD ./Drivers/STM32F4xx_HAL_Driver/Src/stm32f4xx_hal_flash_ramfunc.o
LOAD ./Drivers/STM32F4xx_HAL_Driver/Src/stm32f4xx_hal_gpio.o
LOAD ./Drivers/STM32F4xx_HAL_Driver/Src/stm32f4xx_hal_i2s.o
LOAD ./Drivers/STM32F4xx_HAL_Driver/Src/stm32f4xx_hal_i2s_ex.o
LOAD ./Drivers/STM32F4xx_HAL_Driver/Src/stm32f4xx_hal_pcd.o
LOAD ./Drivers/STM32F4xx_HAL_Driver/Src/stm32f4xx_hal_pcd_ex.o
LOAD ./Drivers/STM32F4xx_HAL_Driver/Src/stm32f4xx_hal_pwr.o
LOAD ./Drivers/STM32F4xx_HAL_Driver/Src/stm32f4xx_hal_pwr_ex.o
LOAD ./Drivers/STM32F4xx_HAL_Driver/Src/stm32f4xx_hal_rcc.o
LOAD ./Drivers/STM32F4xx_HAL_Driver/Src/stm32f4xx_hal_rcc_ex.o
LOAD ./Drivers/STM32F4xx_HAL_Driver/Src/stm32f4xx_hal_tim.o
LOAD ./Drivers/STM32F4xx_HAL_Driver/Src/stm32f4xx_hal_tim_ex.o
LOAD ./Drivers/STM32F4xx_HAL_Driver/Src/stm32f4xx_ll_usb.o
LOAD ./Middlewares/ST/STM32_USB_Device_Library/Class/AUDIO/Src/usbd_audio.o
LOAD ./Middlewares/ST/STM32_USB_Device_Library/Core/Src/usbd_core.o
LOAD ./Middlewares/ST/STM32_USB_Device_Library/Core/Src/usbd_ctlreq.o
LOAD ./Middlewares/ST/STM32_USB_Device_Library/Core/Src/usbd_ioreq.o
LOAD ./USB_DEVICE/App/usb_device.o
LOAD ./USB_DEVICE/App/usbd_audio_if.o
LOAD ./USB_DEVICE/App/usbd_desc.o
LOAD ./USB_DEVICE/Target/usbd_conf.o
START GROUP
LOAD c:/st/stm32cubeide_1.9.0/stm32cubeide/plugins/com.st.stm32cube.ide.mcu.externaltools.gnu-tools-for-stm32.10.3-2021.10.win32_1.0.0.202111181127/tools/bin/../lib/gcc/arm-none-eabi/10.3.1/../../../../arm-none-eabi/lib/thumb/v7e-m+fp/hard\libstdc++_nano.a
LOAD c:/st/stm32cubeide_1.9.0/stm32cubeide/plugins/com.st.stm32cube.ide.mcu.externaltools.gnu-tools-for-stm32.10.3-2021.10.win32_1.0.0.202111181127/tools/bin/../lib/gcc/arm-none-eabi/10.3.1/../../../../arm-none-eabi/lib/thumb/v7e-m+fp/hard\libsupc++_nano.a
END GROUP
LOAD c:/st/stm32cubeide_1.9.0/stm32cubeide/plugins/com.st.stm32cube.ide.mcu.externaltools.gnu-tools-for-stm32.10.3-2021.10.win32_1.0.0.202111181127/tools/bin/../lib/gcc/arm-none-eabi/10.3.1/../../../../arm-none-eabi/lib/thumb/v7e-m+fp/hard\libstdc++_nano.a
LOAD c:/st/stm32cubeide_1.9.0/stm32cubeide/plugins/com.st.stm32cube.ide.mcu.externaltools.gnu-tools-for-stm32.10.3-2021.10.win32_1.0.0.202111181127/tools/bin/../lib/gcc/arm-none-eabi/10.3.1/../../../../arm-none-eabi/lib/thumb/v7e-m+fp/hard\libm.a
LOAD c:/st/stm32cubeide_1.9.0/stm32cubeide/plugins/com.st.stm32cube.ide.mcu.externaltools.gnu-tools-for-stm32.10.3-2021.10.win32_1.0.0.202111181127/tools/bin/../lib/gcc/arm-none-eabi/10.3.1/../../../../arm-none-eabi/lib/thumb/v7e-m+fp/hard\libc_nano.a
START GROUP
LOAD c:/st/stm32cubeide_1.9.0/stm32cubeide/plugins/com.st.stm32cube.ide.mcu.externaltools.gnu-tools-for-stm32.10.3-2021.10.win32_1.0.0.202111181127/tools/bin/../lib/gcc/arm-none-eabi/10.3.1/thumb/v7e-m+fp/hard\libgcc.a
LOAD c:/st/stm32cubeide_1.9.0/stm32cubeide/plugins/com.st.stm32cube.ide.mcu.externaltools.gnu-tools-for-stm32.10.3-2021.10.win32_1.0.0.202111181127/tools/bin/../lib/gcc/arm-none-eabi/10.3.1/../../../../arm-none-eabi/lib/thumb/v7e-m+fp/hard\libc_nano.a
END GROUP
START GROUP
LOAD c:/st/stm32cubeide_1.9.0/stm32cubeide/plugins/com.st.stm32cube.ide.mcu.externaltools.gnu-tools-for-stm32.10.3-2021.10.win32_1.0.0.202111181127/tools/bin/../lib/gcc/arm-none-eabi/10.3.1/thumb/v7e-m+fp/hard\libgcc.a
LOAD c:/st/stm32cubeide_1.9.0/stm32cubeide/plugins/com.st.stm32cube.ide.mcu.externaltools.gnu-tools-for-stm32.10.3-2021.10.win32_1.0.0.202111181127/tools/bin/../lib/gcc/arm-none-eabi/10.3.1/../../../../arm-none-eabi/lib/thumb/v7e-m+fp/hard\libc_nano.a
LOAD c:/st/stm32cubeide_1.9.0/stm32cubeide/plugins/com.st.stm32cube.ide.mcu.externaltools.gnu-tools-for-stm32.10.3-2021.10.win32_1.0.0.202111181127/tools/bin/../lib/gcc/arm-none-eabi/10.3.1/../../../../arm-none-eabi/lib/thumb/v7e-m+fp/hard\libnosys.a
END GROUP
START GROUP
LOAD c:/st/stm32cubeide_1.9.0/stm32cubeide/plugins/com.st.stm32cube.ide.mcu.externaltools.gnu-tools-for-stm32.10.3-2021.10.win32_1.0.0.202111181127/tools/bin/../lib/gcc/arm-none-eabi/10.3.1/thumb/v7e-m+fp/hard\libgcc.a
LOAD c:/st/stm32cubeide_1.9.0/stm32cubeide/plugins/com.st.stm32cube.ide.mcu.externaltools.gnu-tools-for-stm32.10.3-2021.10.win32_1.0.0.202111181127/tools/bin/../lib/gcc/arm-none-eabi/10.3.1/../../../../arm-none-eabi/lib/thumb/v7e-m+fp/hard\libc_nano.a
LOAD c:/st/stm32cubeide_1.9.0/stm32cubeide/plugins/com.st.stm32cube.ide.mcu.externaltools.gnu-tools-for-stm32.10.3-2021.10.win32_1.0.0.202111181127/tools/bin/../lib/gcc/arm-none-eabi/10.3.1/../../../../arm-none-eabi/lib/thumb/v7e-m+fp/hard\libnosys.a
END GROUP
LOAD c:/st/stm32cubeide_1.9.0/stm32cubeide/plugins/com.st.stm32cube.ide.mcu.externaltools.gnu-tools-for-stm32.10.3-2021.10.win32_1.0.0.202111181127/tools/bin/../lib/gcc/arm-none-eabi/10.3.1/thumb/v7e-m+fp/hard/crtend.o
LOAD c:/st/stm32cubeide_1.9.0/stm32cubeide/plugins/com.st.stm32cube.ide.mcu.externaltools.gnu-tools-for-stm32.10.3-2021.10.win32_1.0.0.202111181127/tools/bin/../lib/gcc/arm-none-eabi/10.3.1/thumb/v7e-m+fp/hard/crtn.o
                0x0000000020020000                _estack = (ORIGIN (RAM) + LENGTH (RAM))
                0x0000000000004000                _Min_Heap_Size = 0x4000
                0x0000000000002000                _Min_Stack_Size = 0x2000

.isr_vector     0x0000000008000000      0x188
                0x0000000008000000                . = ALIGN (0x4)
 *(.isr_vector)
 .isr_vector    0x0000000008000000      0x188 ./Core/Startup/startup_stm32f407vetx.o
                0x0000000008000000                g_pfnVectors
                0x0000000008000188                . = ALIGN (0x4)

.text           0x0000000008000188     0x9564
                0x0000000008000188                . = ALIGN (0x4)
 *(.text)
 .text          0x0000000008000188       0x40 c:/st/stm32cubeide_1.9.0/stm32cubeide/plugins/com.st.stm32cube.ide.mcu.externaltools.gnu-tools-for-stm32.10.3-2021.10.win32_1.0.0.202111181127/tools/bin/../lib/gcc/arm-none-eabi/10.3.1/thumb/v7e-m+fp/hard/crtbegin.o
 .text          0x00000000080001c8       0x30 c:/st/stm32cubeide_1.9.0/stm32cubeide/plugins/com.st.stm32cube.ide.mcu.externaltools.gnu-tools-for-stm32.10.3-2021.10.win32_1.0.0.202111181127/tools/bin/../lib/gcc/arm-none-eabi/10.3.1/thumb/v7e-m+fp/hard\libgcc.a(_aeabi_uldivmod.o)
                0x00000000080001c8                __aeabi_uldivmod
 .text          0x00000000080001f8      0x2d0 c:/st/stm32cubeide_1.9.0/stm32cubeide/plugins/com.st.stm32cube.ide.mcu.externaltools.gnu-tools-for-stm32.10.3-2021.10.win32_1.0.0.202111181127/tools/bin/../lib/gcc/arm-none-eabi/10.3.1/thumb/v7e-m+fp/hard\libgcc.a(_udivmoddi4.o)
                0x00000000080001f8                __udivmoddi4
 .text          0x00000000080004c8        0x4 c:/st/stm32cubeide_1.9.0/stm32cubeide/plugins/com.st.stm32cube.ide.mcu.externaltools.gnu-tools-for-stm32.10.3-2021.10.win32_1.0.0.202111181127/tools/bin/../lib/gcc/arm-none-eabi/10.3.1/thumb/v7e-m+fp/hard\libgcc.a(_dvmd_tls.o)
                0x00000000080004c8                __aeabi_idiv0
                0x00000000080004c8                __aeabi_ldiv0
 *(.text*)
 .text.Audio_Player_Play
                0x00000000080004cc       0x40 ./Core/Src/audioplay.o
                0x00000000080004cc                Audio_Player_Play
 .text.Audio_Player_Stop
                0x000000000800050c       0x14 ./Core/Src/audioplay.o
                0x000000000800050c                Audio_Player_Stop
 .text.HAL_I2S_TxHalfCpltCallback
                0x0000000008000520       0x24 ./Core/Src/audioplay.o
                0x0000000008000520                HAL_I2S_TxHalfCpltCallback
 .text.HAL_I2S_TxCpltCallback
                0x0000000008000544       0x24 ./Core/Src/audioplay.o
                0x0000000008000544                HAL_I2S_TxCpltCallback
 .text.MX_DMA_Init
                0x0000000008000568       0x40 ./Core/Src/dma.o
                0x0000000008000568                MX_DMA_Init
 .text.MX_GPIO_Init
                0x00000000080005a8       0xc0 ./Core/Src/gpio.o
                0x00000000080005a8                MX_GPIO_Init
 .text.MX_I2S2_Init
                0x0000000008000668       0x5c ./Core/Src/i2s.o
                0x0000000008000668                MX_I2S2_Init
 .text.HAL_I2S_MspInit
                0x00000000080006c4      0x17c ./Core/Src/i2s.o
                0x00000000080006c4                HAL_I2S_MspInit
 .text.main     0x0000000008000840       0x2c ./Core/Src/main.o
                0x0000000008000840                main
 .text.SystemClock_Config
                0x000000000800086c       0xd8 ./Core/Src/main.o
                0x000000000800086c                SystemClock_Config
 .text.Error_Handler
                0x0000000008000944        0xa ./Core/Src/main.o
                0x0000000008000944                Error_Handler
 .text.assert_failed
                0x000000000800094e       0x16 ./Core/Src/main.o
                0x000000000800094e                assert_failed
 .text.HAL_MspInit
                0x0000000008000964       0x50 ./Core/Src/stm32f4xx_hal_msp.o
                0x0000000008000964                HAL_MspInit
 .text.NMI_Handler
                0x00000000080009b4        0xa ./Core/Src/stm32f4xx_it.o
                0x00000000080009b4                NMI_Handler
 .text.HardFault_Handler
                0x00000000080009be        0x6 ./Core/Src/stm32f4xx_it.o
                0x00000000080009be                HardFault_Handler
 .text.MemManage_Handler
                0x00000000080009c4        0x6 ./Core/Src/stm32f4xx_it.o
                0x00000000080009c4                MemManage_Handler
 .text.BusFault_Handler
                0x00000000080009ca        0x6 ./Core/Src/stm32f4xx_it.o
                0x00000000080009ca                BusFault_Handler
 .text.UsageFault_Handler
                0x00000000080009d0        0x6 ./Core/Src/stm32f4xx_it.o
                0x00000000080009d0                UsageFault_Handler
 .text.SVC_Handler
                0x00000000080009d6        0xe ./Core/Src/stm32f4xx_it.o
                0x00000000080009d6                SVC_Handler
 .text.DebugMon_Handler
                0x00000000080009e4        0xe ./Core/Src/stm32f4xx_it.o
                0x00000000080009e4                DebugMon_Handler
 .text.PendSV_Handler
                0x00000000080009f2        0xe ./Core/Src/stm32f4xx_it.o
                0x00000000080009f2                PendSV_Handler
 .text.SysTick_Handler
                0x0000000008000a00        0xc ./Core/Src/stm32f4xx_it.o
                0x0000000008000a00                SysTick_Handler
 .text.DMA1_Stream4_IRQHandler
                0x0000000008000a0c       0x14 ./Core/Src/stm32f4xx_it.o
                0x0000000008000a0c                DMA1_Stream4_IRQHandler
 .text.OTG_FS_IRQHandler
                0x0000000008000a20       0x14 ./Core/Src/stm32f4xx_it.o
                0x0000000008000a20                OTG_FS_IRQHandler
 .text.SystemInit
                0x0000000008000a34       0x24 ./Core/Src/system_stm32f4xx.o
                0x0000000008000a34                SystemInit
 .text.Reset_Handler
                0x0000000008000a58       0x50 ./Core/Startup/startup_stm32f407vetx.o
                0x0000000008000a58                Reset_Handler
 .text.Default_Handler
                0x0000000008000aa8        0x2 ./Core/Startup/startup_stm32f407vetx.o
                0x0000000008000aa8                RTC_Alarm_IRQHandler
                0x0000000008000aa8                HASH_RNG_IRQHandler
                0x0000000008000aa8                EXTI2_IRQHandler
                0x0000000008000aa8                TIM8_CC_IRQHandler
                0x0000000008000aa8                TIM1_CC_IRQHandler
                0x0000000008000aa8                DMA2_Stream5_IRQHandler
                0x0000000008000aa8                DMA1_Stream5_IRQHandler
                0x0000000008000aa8                PVD_IRQHandler
                0x0000000008000aa8                SDIO_IRQHandler
                0x0000000008000aa8                TAMP_STAMP_IRQHandler
                0x0000000008000aa8                CAN2_RX1_IRQHandler
                0x0000000008000aa8                EXTI3_IRQHandler
                0x0000000008000aa8                TIM8_TRG_COM_TIM14_IRQHandler
                0x0000000008000aa8                TIM1_UP_TIM10_IRQHandler
                0x0000000008000aa8                TIM8_UP_TIM13_IRQHandler
                0x0000000008000aa8                I2C3_ER_IRQHandler
                0x0000000008000aa8                EXTI0_IRQHandler
                0x0000000008000aa8                I2C2_EV_IRQHandler
                0x0000000008000aa8                DMA1_Stream2_IRQHandler
                0x0000000008000aa8                CAN1_RX0_IRQHandler
                0x0000000008000aa8                FPU_IRQHandler
                0x0000000008000aa8                OTG_HS_WKUP_IRQHandler
                0x0000000008000aa8                CAN2_SCE_IRQHandler
                0x0000000008000aa8                DMA2_Stream2_IRQHandler
                0x0000000008000aa8                SPI1_IRQHandler
                0x0000000008000aa8                TIM6_DAC_IRQHandler
                0x0000000008000aa8                TIM1_BRK_TIM9_IRQHandler
                0x0000000008000aa8                DCMI_IRQHandler
                0x0000000008000aa8                CAN2_RX0_IRQHandler
                0x0000000008000aa8                DMA2_Stream3_IRQHandler
                0x0000000008000aa8                USART6_IRQHandler
                0x0000000008000aa8                USART3_IRQHandler
                0x0000000008000aa8                CAN1_RX1_IRQHandler
                0x0000000008000aa8                UART5_IRQHandler
                0x0000000008000aa8                DMA2_Stream0_IRQHandler
                0x0000000008000aa8                TIM4_IRQHandler
                0x0000000008000aa8                I2C1_EV_IRQHandler
                0x0000000008000aa8                DMA1_Stream6_IRQHandler
                0x0000000008000aa8                DMA1_Stream1_IRQHandler
                0x0000000008000aa8                UART4_IRQHandler
                0x0000000008000aa8                TIM3_IRQHandler
                0x0000000008000aa8                RCC_IRQHandler
                0x0000000008000aa8                TIM8_BRK_TIM12_IRQHandler
                0x0000000008000aa8                Default_Handler
                0x0000000008000aa8                EXTI15_10_IRQHandler
                0x0000000008000aa8                ADC_IRQHandler
                0x0000000008000aa8                DMA1_Stream7_IRQHandler
                0x0000000008000aa8                TIM7_IRQHandler
                0x0000000008000aa8                CAN2_TX_IRQHandler
                0x0000000008000aa8                TIM5_IRQHandler
                0x0000000008000aa8                DMA2_Stream7_IRQHandler
                0x0000000008000aa8                I2C3_EV_IRQHandler
                0x0000000008000aa8                EXTI9_5_IRQHandler
                0x0000000008000aa8                RTC_WKUP_IRQHandler
                0x0000000008000aa8                ETH_WKUP_IRQHandler
                0x0000000008000aa8                SPI2_IRQHandler
                0x0000000008000aa8                OTG_HS_EP1_IN_IRQHandler
                0x0000000008000aa8                DMA1_Stream0_IRQHandler
                0x0000000008000aa8                CAN1_TX_IRQHandler
                0x0000000008000aa8                EXTI4_IRQHandler
                0x0000000008000aa8                FSMC_IRQHandler
                0x0000000008000aa8                ETH_IRQHandler
                0x0000000008000aa8                OTG_HS_EP1_OUT_IRQHandler
                0x0000000008000aa8                WWDG_IRQHandler
                0x0000000008000aa8                TIM2_IRQHandler
                0x0000000008000aa8                OTG_FS_WKUP_IRQHandler
                0x0000000008000aa8                TIM1_TRG_COM_TIM11_IRQHandler
                0x0000000008000aa8                OTG_HS_IRQHandler
                0x0000000008000aa8                EXTI1_IRQHandler
                0x0000000008000aa8                USART2_IRQHandler
                0x0000000008000aa8                I2C2_ER_IRQHandler
                0x0000000008000aa8                DMA2_Stream1_IRQHandler
                0x0000000008000aa8                CAN1_SCE_IRQHandler
                0x0000000008000aa8                FLASH_IRQHandler
                0x0000000008000aa8                DMA2_Stream4_IRQHandler
                0x0000000008000aa8                USART1_IRQHandler
                0x0000000008000aa8                SPI3_IRQHandler
                0x0000000008000aa8                I2C1_ER_IRQHandler
                0x0000000008000aa8                DMA2_Stream6_IRQHandler
                0x0000000008000aa8                DMA1_Stream3_IRQHandler
 *fill*         0x0000000008000aaa        0x2 
 .text.HAL_Init
                0x0000000008000aac       0x44 ./Drivers/STM32F4xx_HAL_Driver/Src/stm32f4xx_hal.o
                0x0000000008000aac                HAL_Init
 .text.HAL_InitTick
                0x0000000008000af0       0x60 ./Drivers/STM32F4xx_HAL_Driver/Src/stm32f4xx_hal.o
                0x0000000008000af0                HAL_InitTick
 .text.HAL_IncTick
                0x0000000008000b50       0x28 ./Drivers/STM32F4xx_HAL_Driver/Src/stm32f4xx_hal.o
                0x0000000008000b50                HAL_IncTick
 .text.HAL_GetTick
                0x0000000008000b78       0x18 ./Drivers/STM32F4xx_HAL_Driver/Src/stm32f4xx_hal.o
                0x0000000008000b78                HAL_GetTick
 .text.HAL_Delay
                0x0000000008000b90       0x48 ./Drivers/STM32F4xx_HAL_Driver/Src/stm32f4xx_hal.o
                0x0000000008000b90                HAL_Delay
 .text.__NVIC_SetPriorityGrouping
                0x0000000008000bd8       0x48 ./Drivers/STM32F4xx_HAL_Driver/Src/stm32f4xx_hal_cortex.o
 .text.__NVIC_GetPriorityGrouping
                0x0000000008000c20       0x1c ./Drivers/STM32F4xx_HAL_Driver/Src/stm32f4xx_hal_cortex.o
 .text.__NVIC_EnableIRQ
                0x0000000008000c3c       0x3c ./Drivers/STM32F4xx_HAL_Driver/Src/stm32f4xx_hal_cortex.o
 .text.__NVIC_SetPriority
                0x0000000008000c78       0x54 ./Drivers/STM32F4xx_HAL_Driver/Src/stm32f4xx_hal_cortex.o
 .text.NVIC_EncodePriority
                0x0000000008000ccc       0x66 ./Drivers/STM32F4xx_HAL_Driver/Src/stm32f4xx_hal_cortex.o
 *fill*         0x0000000008000d32        0x2 
 .text.SysTick_Config
                0x0000000008000d34       0x44 ./Drivers/STM32F4xx_HAL_Driver/Src/stm32f4xx_hal_cortex.o
 .text.HAL_NVIC_SetPriorityGrouping
                0x0000000008000d78       0x40 ./Drivers/STM32F4xx_HAL_Driver/Src/stm32f4xx_hal_cortex.o
                0x0000000008000d78                HAL_NVIC_SetPriorityGrouping
 .text.HAL_NVIC_SetPriority
                0x0000000008000db8       0x58 ./Drivers/STM32F4xx_HAL_Driver/Src/stm32f4xx_hal_cortex.o
                0x0000000008000db8                HAL_NVIC_SetPriority
 .text.HAL_NVIC_EnableIRQ
                0x0000000008000e10       0x30 ./Drivers/STM32F4xx_HAL_Driver/Src/stm32f4xx_hal_cortex.o
                0x0000000008000e10                HAL_NVIC_EnableIRQ
 .text.HAL_SYSTICK_Config
                0x0000000008000e40       0x18 ./Drivers/STM32F4xx_HAL_Driver/Src/stm32f4xx_hal_cortex.o
                0x0000000008000e40                HAL_SYSTICK_Config
 .text.HAL_DMA_Init
                0x0000000008000e58      0x434 ./Drivers/STM32F4xx_HAL_Driver/Src/stm32f4xx_hal_dma.o
                0x0000000008000e58                HAL_DMA_Init
 .text.HAL_DMA_Start_IT
                0x000000000800128c       0xcc ./Drivers/STM32F4xx_HAL_Driver/Src/stm32f4xx_hal_dma.o
                0x000000000800128c                HAL_DMA_Start_IT
 .text.HAL_DMA_Abort
                0x0000000008001358       0xe0 ./Drivers/STM32F4xx_HAL_Driver/Src/stm32f4xx_hal_dma.o
                0x0000000008001358                HAL_DMA_Abort
 .text.HAL_DMA_IRQHandler
                0x0000000008001438      0x314 ./Drivers/STM32F4xx_HAL_Driver/Src/stm32f4xx_hal_dma.o
                0x0000000008001438                HAL_DMA_IRQHandler
 .text.DMA_SetConfig
                0x000000000800174c       0x5c ./Drivers/STM32F4xx_HAL_Driver/Src/stm32f4xx_hal_dma.o
 .text.DMA_CalcBaseAndBitshift
                0x00000000080017a8       0x6c ./Drivers/STM32F4xx_HAL_Driver/Src/stm32f4xx_hal_dma.o
 .text.DMA_CheckFifoParam
                0x0000000008001814       0xf8 ./Drivers/STM32F4xx_HAL_Driver/Src/stm32f4xx_hal_dma.o
 .text.HAL_GPIO_Init
                0x000000000800190c      0x5c4 ./Drivers/STM32F4xx_HAL_Driver/Src/stm32f4xx_hal_gpio.o
                0x000000000800190c                HAL_GPIO_Init
 .text.HAL_GPIO_WritePin
                0x0000000008001ed0       0x64 ./Drivers/STM32F4xx_HAL_Driver/Src/stm32f4xx_hal_gpio.o
                0x0000000008001ed0                HAL_GPIO_WritePin
 .text.HAL_GPIO_TogglePin
                0x0000000008001f34       0x50 ./Drivers/STM32F4xx_HAL_Driver/Src/stm32f4xx_hal_gpio.o
                0x0000000008001f34                HAL_GPIO_TogglePin
 .text.HAL_I2S_Init
                0x0000000008001f84      0x3d0 ./Drivers/STM32F4xx_HAL_Driver/Src/stm32f4xx_hal_i2s.o
                0x0000000008001f84                HAL_I2S_Init
 .text.HAL_I2S_Transmit_DMA
                0x0000000008002354      0x150 ./Drivers/STM32F4xx_HAL_Driver/Src/stm32f4xx_hal_i2s.o
                0x0000000008002354                HAL_I2S_Transmit_DMA
 .text.HAL_I2S_DMAStop
                0x00000000080024a4      0x3b4 ./Drivers/STM32F4xx_HAL_Driver/Src/stm32f4xx_hal_i2s.o
                0x00000000080024a4                HAL_I2S_DMAStop
 .text.HAL_I2S_RxCpltCallback
                0x0000000008002858       0x14 ./Drivers/STM32F4xx_HAL_Driver/Src/stm32f4xx_hal_i2s.o
                0x0000000008002858                HAL_I2S_RxCpltCallback
 .text.HAL_I2S_ErrorCallback
                0x000000000800286c       0x14 ./Drivers/STM32F4xx_HAL_Driver/Src/stm32f4xx_hal_i2s.o
                0x000000000800286c                HAL_I2S_ErrorCallback
 .text.I2S_DMATxCplt
                0x0000000008002880       0x42 ./Drivers/STM32F4xx_HAL_Driver/Src/stm32f4xx_hal_i2s.o
 .text.I2S_DMATxHalfCplt
                0x00000000080028c2       0x1c ./Drivers/STM32F4xx_HAL_Driver/Src/stm32f4xx_hal_i2s.o
 .text.I2S_DMAError
                0x00000000080028de       0x4c ./Drivers/STM32F4xx_HAL_Driver/Src/stm32f4xx_hal_i2s.o
 .text.I2S_Transmit_IT
                0x000000000800292a       0x5c ./Drivers/STM32F4xx_HAL_Driver/Src/stm32f4xx_hal_i2s.o
 .text.I2S_Receive_IT
                0x0000000008002986       0x5e ./Drivers/STM32F4xx_HAL_Driver/Src/stm32f4xx_hal_i2s.o
 .text.I2S_IRQHandler
                0x00000000080029e4      0x114 ./Drivers/STM32F4xx_HAL_Driver/Src/stm32f4xx_hal_i2s.o
 .text.I2S_WaitFlagStateUntilTimeout
                0x0000000008002af8       0x72 ./Drivers/STM32F4xx_HAL_Driver/Src/stm32f4xx_hal_i2s.o
 *fill*         0x0000000008002b6a        0x2 
 .text.HAL_I2SEx_FullDuplex_IRQHandler
                0x0000000008002b6c      0x2a8 ./Drivers/STM32F4xx_HAL_Driver/Src/stm32f4xx_hal_i2s_ex.o
                0x0000000008002b6c                HAL_I2SEx_FullDuplex_IRQHandler
 .text.HAL_I2SEx_TxRxCpltCallback
                0x0000000008002e14       0x14 ./Drivers/STM32F4xx_HAL_Driver/Src/stm32f4xx_hal_i2s_ex.o
                0x0000000008002e14                HAL_I2SEx_TxRxCpltCallback
 .text.I2SEx_TxISR_I2S
                0x0000000008002e28       0x62 ./Drivers/STM32F4xx_HAL_Driver/Src/stm32f4xx_hal_i2s_ex.o
 *fill*         0x0000000008002e8a        0x2 
 .text.I2SEx_TxISR_I2SExt
                0x0000000008002e8c       0x98 ./Drivers/STM32F4xx_HAL_Driver/Src/stm32f4xx_hal_i2s_ex.o
 .text.I2SEx_RxISR_I2S
                0x0000000008002f24       0x64 ./Drivers/STM32F4xx_HAL_Driver/Src/stm32f4xx_hal_i2s_ex.o
 .text.I2SEx_RxISR_I2SExt
                0x0000000008002f88       0x98 ./Drivers/STM32F4xx_HAL_Driver/Src/stm32f4xx_hal_i2s_ex.o
 .text.HAL_PCD_Init
                0x0000000008003020      0x260 ./Drivers/STM32F4xx_HAL_Driver/Src/stm32f4xx_hal_pcd.o
                0x0000000008003020                HAL_PCD_Init
 .text.HAL_PCD_Start
                0x0000000008003280       0x66 ./Drivers/STM32F4xx_HAL_Driver/Src/stm32f4xx_hal_pcd.o
                0x0000000008003280                HAL_PCD_Start
 .text.HAL_PCD_IRQHandler
                0x00000000080032e6      0x93e ./Drivers/STM32F4xx_HAL_Driver/Src/stm32f4xx_hal_pcd.o
                0x00000000080032e6                HAL_PCD_IRQHandler
 .text.HAL_PCD_SetAddress
                0x0000000008003c24       0x4a ./Drivers/STM32F4xx_HAL_Driver/Src/stm32f4xx_hal_pcd.o
                0x0000000008003c24                HAL_PCD_SetAddress
 .text.HAL_PCD_EP_Open
                0x0000000008003c6e       0xd0 ./Drivers/STM32F4xx_HAL_Driver/Src/stm32f4xx_hal_pcd.o
                0x0000000008003c6e                HAL_PCD_EP_Open
 .text.HAL_PCD_EP_Close
                0x0000000008003d3e       0x94 ./Drivers/STM32F4xx_HAL_Driver/Src/stm32f4xx_hal_pcd.o
                0x0000000008003d3e                HAL_PCD_EP_Close
 .text.HAL_PCD_EP_Receive
                0x0000000008003dd2       0x96 ./Drivers/STM32F4xx_HAL_Driver/Src/stm32f4xx_hal_pcd.o
                0x0000000008003dd2                HAL_PCD_EP_Receive
 .text.HAL_PCD_EP_GetRxCount
                0x0000000008003e68       0x30 ./Drivers/STM32F4xx_HAL_Driver/Src/stm32f4xx_hal_pcd.o
                0x0000000008003e68                HAL_PCD_EP_GetRxCount
 .text.HAL_PCD_EP_Transmit
                0x0000000008003e98       0x94 ./Drivers/STM32F4xx_HAL_Driver/Src/stm32f4xx_hal_pcd.o
                0x0000000008003e98                HAL_PCD_EP_Transmit
 .text.HAL_PCD_EP_SetStall
                0x0000000008003f2c       0xc8 ./Drivers/STM32F4xx_HAL_Driver/Src/stm32f4xx_hal_pcd.o
                0x0000000008003f2c                HAL_PCD_EP_SetStall
 .text.HAL_PCD_EP_ClrStall
                0x0000000008003ff4       0xac ./Drivers/STM32F4xx_HAL_Driver/Src/stm32f4xx_hal_pcd.o
                0x0000000008003ff4                HAL_PCD_EP_ClrStall
 .text.HAL_PCD_EP_Abort
                0x00000000080040a0       0x62 ./Drivers/STM32F4xx_HAL_Driver/Src/stm32f4xx_hal_pcd.o
                0x00000000080040a0                HAL_PCD_EP_Abort
 .text.PCD_WriteEmptyTxFifo
                0x0000000008004102      0x11a ./Drivers/STM32F4xx_HAL_Driver/Src/stm32f4xx_hal_pcd.o
 .text.PCD_EP_OutXfrComplete_int
                0x000000000800421c      0x1d0 ./Drivers/STM32F4xx_HAL_Driver/Src/stm32f4xx_hal_pcd.o
 .text.PCD_EP_OutSetupPacket_int
                0x00000000080043ec       0x8c ./Drivers/STM32F4xx_HAL_Driver/Src/stm32f4xx_hal_pcd.o
 .text.HAL_PCDEx_SetTxFiFo
                0x0000000008004478       0x8e ./Drivers/STM32F4xx_HAL_Driver/Src/stm32f4xx_hal_pcd_ex.o
                0x0000000008004478                HAL_PCDEx_SetTxFiFo
 .text.HAL_PCDEx_SetRxFiFo
                0x0000000008004506       0x22 ./Drivers/STM32F4xx_HAL_Driver/Src/stm32f4xx_hal_pcd_ex.o
                0x0000000008004506                HAL_PCDEx_SetRxFiFo
 .text.HAL_PCDEx_LPM_Callback
                0x0000000008004528       0x18 ./Drivers/STM32F4xx_HAL_Driver/Src/stm32f4xx_hal_pcd_ex.o
                0x0000000008004528                HAL_PCDEx_LPM_Callback
 .text.HAL_RCC_OscConfig
                0x0000000008004540      0x650 ./Drivers/STM32F4xx_HAL_Driver/Src/stm32f4xx_hal_rcc.o
                0x0000000008004540                HAL_RCC_OscConfig
 .text.HAL_RCC_ClockConfig
                0x0000000008004b90      0x31c ./Drivers/STM32F4xx_HAL_Driver/Src/stm32f4xx_hal_rcc.o
                0x0000000008004b90                HAL_RCC_ClockConfig
 .text.HAL_RCC_EnableCSS
                0x0000000008004eac       0x18 ./Drivers/STM32F4xx_HAL_Driver/Src/stm32f4xx_hal_rcc.o
                0x0000000008004eac                HAL_RCC_EnableCSS
 .text.HAL_RCC_GetSysClockFreq
                0x0000000008004ec4      0x20c ./Drivers/STM32F4xx_HAL_Driver/Src/stm32f4xx_hal_rcc.o
                0x0000000008004ec4                HAL_RCC_GetSysClockFreq
 .text.HAL_RCC_GetHCLKFreq
                0x00000000080050d0       0x18 ./Drivers/STM32F4xx_HAL_Driver/Src/stm32f4xx_hal_rcc.o
                0x00000000080050d0                HAL_RCC_GetHCLKFreq
 .text.HAL_RCC_NMI_IRQHandler
                0x00000000080050e8       0x28 ./Drivers/STM32F4xx_HAL_Driver/Src/stm32f4xx_hal_rcc.o
                0x00000000080050e8                HAL_RCC_NMI_IRQHandler
 .text.HAL_RCC_CSSCallback
                0x0000000008005110        0xe ./Drivers/STM32F4xx_HAL_Driver/Src/stm32f4xx_hal_rcc.o
                0x0000000008005110                HAL_RCC_CSSCallback
 *fill*         0x000000000800511e        0x2 
 .text.HAL_RCCEx_PeriphCLKConfig
                0x0000000008005120      0x3f4 ./Drivers/STM32F4xx_HAL_Driver/Src/stm32f4xx_hal_rcc_ex.o
                0x0000000008005120                HAL_RCCEx_PeriphCLKConfig
 .text.HAL_RCCEx_GetPeriphCLKFreq
                0x0000000008005514       0xbc ./Drivers/STM32F4xx_HAL_Driver/Src/stm32f4xx_hal_rcc_ex.o
                0x0000000008005514                HAL_RCCEx_GetPeriphCLKFreq
 .text.USB_CoreInit
                0x00000000080055d0       0xc2 ./Drivers/STM32F4xx_HAL_Driver/Src/stm32f4xx_ll_usb.o
                0x00000000080055d0                USB_CoreInit
 *fill*         0x0000000008005692        0x2 
 .text.USB_SetTurnaroundTime
                0x0000000008005694      0x144 ./Drivers/STM32F4xx_HAL_Driver/Src/stm32f4xx_ll_usb.o
                0x0000000008005694                USB_SetTurnaroundTime
 .text.USB_EnableGlobalInt
                0x00000000080057d8       0x22 ./Drivers/STM32F4xx_HAL_Driver/Src/stm32f4xx_ll_usb.o
                0x00000000080057d8                USB_EnableGlobalInt
 .text.USB_DisableGlobalInt
                0x00000000080057fa       0x22 ./Drivers/STM32F4xx_HAL_Driver/Src/stm32f4xx_ll_usb.o
                0x00000000080057fa                USB_DisableGlobalInt
 .text.USB_SetCurrentMode
                0x000000000800581c       0x98 ./Drivers/STM32F4xx_HAL_Driver/Src/stm32f4xx_ll_usb.o
                0x000000000800581c                USB_SetCurrentMode
 .text.USB_DevInit
                0x00000000080058b4      0x2c8 ./Drivers/STM32F4xx_HAL_Driver/Src/stm32f4xx_ll_usb.o
                0x00000000080058b4                USB_DevInit
 .text.USB_FlushTxFifo
                0x0000000008005b7c       0x68 ./Drivers/STM32F4xx_HAL_Driver/Src/stm32f4xx_ll_usb.o
                0x0000000008005b7c                USB_FlushTxFifo
 .text.USB_FlushRxFifo
                0x0000000008005be4       0x60 ./Drivers/STM32F4xx_HAL_Driver/Src/stm32f4xx_ll_usb.o
                0x0000000008005be4                USB_FlushRxFifo
 .text.USB_SetDevSpeed
                0x0000000008005c44       0x32 ./Drivers/STM32F4xx_HAL_Driver/Src/stm32f4xx_ll_usb.o
                0x0000000008005c44                USB_SetDevSpeed
 .text.USB_GetDevSpeed
                0x0000000008005c76       0x4a ./Drivers/STM32F4xx_HAL_Driver/Src/stm32f4xx_ll_usb.o
                0x0000000008005c76                USB_GetDevSpeed
 .text.USB_ActivateEndpoint
                0x0000000008005cc0      0x10e ./Drivers/STM32F4xx_HAL_Driver/Src/stm32f4xx_ll_usb.o
                0x0000000008005cc0                USB_ActivateEndpoint
 *fill*         0x0000000008005dce        0x2 
 .text.USB_DeactivateEndpoint
                0x0000000008005dd0      0x1b8 ./Drivers/STM32F4xx_HAL_Driver/Src/stm32f4xx_ll_usb.o
                0x0000000008005dd0                USB_DeactivateEndpoint
 .text.USB_EPStartXfer
                0x0000000008005f88      0x490 ./Drivers/STM32F4xx_HAL_Driver/Src/stm32f4xx_ll_usb.o
                0x0000000008005f88                USB_EPStartXfer
 .text.USB_EP0StartXfer
                0x0000000008006418      0x2b0 ./Drivers/STM32F4xx_HAL_Driver/Src/stm32f4xx_ll_usb.o
                0x0000000008006418                USB_EP0StartXfer
 .text.USB_EPStopXfer
                0x00000000080066c8      0x154 ./Drivers/STM32F4xx_HAL_Driver/Src/stm32f4xx_ll_usb.o
                0x00000000080066c8                USB_EPStopXfer
 .text.USB_WritePacket
                0x000000000800681c       0x7c ./Drivers/STM32F4xx_HAL_Driver/Src/stm32f4xx_ll_usb.o
                0x000000000800681c                USB_WritePacket
 .text.USB_ReadPacket
                0x0000000008006898       0xb0 ./Drivers/STM32F4xx_HAL_Driver/Src/stm32f4xx_ll_usb.o
                0x0000000008006898                USB_ReadPacket
 .text.USB_EPSetStall
                0x0000000008006948       0xdc ./Drivers/STM32F4xx_HAL_Driver/Src/stm32f4xx_ll_usb.o
                0x0000000008006948                USB_EPSetStall
 .text.USB_EPClearStall
                0x0000000008006a24       0xcc ./Drivers/STM32F4xx_HAL_Driver/Src/stm32f4xx_ll_usb.o
                0x0000000008006a24                USB_EPClearStall
 .text.USB_SetDevAddress
                0x0000000008006af0       0x4c ./Drivers/STM32F4xx_HAL_Driver/Src/stm32f4xx_ll_usb.o
                0x0000000008006af0                USB_SetDevAddress
 .text.USB_DevConnect
                0x0000000008006b3c       0x42 ./Drivers/STM32F4xx_HAL_Driver/Src/stm32f4xx_ll_usb.o
                0x0000000008006b3c                USB_DevConnect
 .text.USB_DevDisconnect
                0x0000000008006b7e       0x42 ./Drivers/STM32F4xx_HAL_Driver/Src/stm32f4xx_ll_usb.o
                0x0000000008006b7e                USB_DevDisconnect
 .text.USB_ReadInterrupts
                0x0000000008006bc0       0x26 ./Drivers/STM32F4xx_HAL_Driver/Src/stm32f4xx_ll_usb.o
                0x0000000008006bc0                USB_ReadInterrupts
 .text.USB_ReadDevAllOutEpInterrupt
                0x0000000008006be6       0x34 ./Drivers/STM32F4xx_HAL_Driver/Src/stm32f4xx_ll_usb.o
                0x0000000008006be6                USB_ReadDevAllOutEpInterrupt
 .text.USB_ReadDevAllInEpInterrupt
                0x0000000008006c1a       0x34 ./Drivers/STM32F4xx_HAL_Driver/Src/stm32f4xx_ll_usb.o
                0x0000000008006c1a                USB_ReadDevAllInEpInterrupt
 .text.USB_ReadDevOutEPInterrupt
                0x0000000008006c4e       0x3c ./Drivers/STM32F4xx_HAL_Driver/Src/stm32f4xx_ll_usb.o
                0x0000000008006c4e                USB_ReadDevOutEPInterrupt
 .text.USB_ReadDevInEPInterrupt
                0x0000000008006c8a       0x5c ./Drivers/STM32F4xx_HAL_Driver/Src/stm32f4xx_ll_usb.o
                0x0000000008006c8a                USB_ReadDevInEPInterrupt
 .text.USB_GetMode
                0x0000000008006ce6       0x1c ./Drivers/STM32F4xx_HAL_Driver/Src/stm32f4xx_ll_usb.o
                0x0000000008006ce6                USB_GetMode
 .text.USB_ActivateSetup
                0x0000000008006d02       0x46 ./Drivers/STM32F4xx_HAL_Driver/Src/stm32f4xx_ll_usb.o
                0x0000000008006d02                USB_ActivateSetup
 .text.USB_EP0_OutStart
                0x0000000008006d48       0xbc ./Drivers/STM32F4xx_HAL_Driver/Src/stm32f4xx_ll_usb.o
                0x0000000008006d48                USB_EP0_OutStart
 .text.USB_CoreReset
                0x0000000008006e04       0x68 ./Drivers/STM32F4xx_HAL_Driver/Src/stm32f4xx_ll_usb.o
 .text.USBD_AUDIO_Init
                0x0000000008006e6c      0x13c ./Middlewares/ST/STM32_USB_Device_Library/Class/AUDIO/Src/usbd_audio.o
 .text.USBD_AUDIO_DeInit
                0x0000000008006fa8       0xb4 ./Middlewares/ST/STM32_USB_Device_Library/Class/AUDIO/Src/usbd_audio.o
 .text.USBD_AUDIO_Setup
                0x000000000800705c      0x1b8 ./Middlewares/ST/STM32_USB_Device_Library/Class/AUDIO/Src/usbd_audio.o
 .text.USBD_AUDIO_GetCfgDesc
                0x0000000008007214       0x20 ./Middlewares/ST/STM32_USB_Device_Library/Class/AUDIO/Src/usbd_audio.o
 .text.USBD_AUDIO_DataIn
                0x0000000008007234       0x1a ./Middlewares/ST/STM32_USB_Device_Library/Class/AUDIO/Src/usbd_audio.o
 .text.USBD_AUDIO_EP0_RxReady
                0x000000000800724e       0x80 ./Middlewares/ST/STM32_USB_Device_Library/Class/AUDIO/Src/usbd_audio.o
 .text.USBD_AUDIO_EP0_TxReady
                0x00000000080072ce       0x16 ./Middlewares/ST/STM32_USB_Device_Library/Class/AUDIO/Src/usbd_audio.o
 .text.USBD_AUDIO_SOF
                0x00000000080072e4       0x16 ./Middlewares/ST/STM32_USB_Device_Library/Class/AUDIO/Src/usbd_audio.o
 .text.USBD_AUDIO_Sync
                0x00000000080072fa      0x174 ./Middlewares/ST/STM32_USB_Device_Library/Class/AUDIO/Src/usbd_audio.o
                0x00000000080072fa                USBD_AUDIO_Sync
 .text.USBD_AUDIO_IsoINIncomplete
                0x000000000800746e       0x1a ./Middlewares/ST/STM32_USB_Device_Library/Class/AUDIO/Src/usbd_audio.o
 .text.USBD_AUDIO_IsoOutIncomplete
                0x0000000008007488       0x1a ./Middlewares/ST/STM32_USB_Device_Library/Class/AUDIO/Src/usbd_audio.o
 *fill*         0x00000000080074a2        0x2 
 .text.USBD_AUDIO_DataOut
                0x00000000080074a4      0x12c ./Middlewares/ST/STM32_USB_Device_Library/Class/AUDIO/Src/usbd_audio.o
 .text.AUDIO_REQ_GetCurrent
                0x00000000080075d0       0x58 ./Middlewares/ST/STM32_USB_Device_Library/Class/AUDIO/Src/usbd_audio.o
 .text.AUDIO_REQ_SetCurrent
                0x0000000008007628       0x88 ./Middlewares/ST/STM32_USB_Device_Library/Class/AUDIO/Src/usbd_audio.o
 .text.USBD_AUDIO_GetDeviceQualifierDesc
                0x00000000080076b0       0x20 ./Middlewares/ST/STM32_USB_Device_Library/Class/AUDIO/Src/usbd_audio.o
 .text.USBD_AUDIO_RegisterInterface
                0x00000000080076d0       0x34 ./Middlewares/ST/STM32_USB_Device_Library/Class/AUDIO/Src/usbd_audio.o
                0x00000000080076d0                USBD_AUDIO_RegisterInterface
 .text.USBD_AUDIO_GetAudioHeaderDesc
                0x0000000008007704       0x68 ./Middlewares/ST/STM32_USB_Device_Library/Class/AUDIO/Src/usbd_audio.o
 .text.USBD_Init
                0x000000000800776c       0x60 ./Middlewares/ST/STM32_USB_Device_Library/Core/Src/usbd_core.o
                0x000000000800776c                USBD_Init
 .text.USBD_RegisterClass
                0x00000000080077cc       0x6c ./Middlewares/ST/STM32_USB_Device_Library/Core/Src/usbd_core.o
                0x00000000080077cc                USBD_RegisterClass
 .text.USBD_Start
                0x0000000008007838       0x18 ./Middlewares/ST/STM32_USB_Device_Library/Core/Src/usbd_core.o
                0x0000000008007838                USBD_Start
 .text.USBD_RunTestMode
                0x0000000008007850       0x16 ./Middlewares/ST/STM32_USB_Device_Library/Core/Src/usbd_core.o
                0x0000000008007850                USBD_RunTestMode
 .text.USBD_SetClassConfig
                0x0000000008007866       0x38 ./Middlewares/ST/STM32_USB_Device_Library/Core/Src/usbd_core.o
                0x0000000008007866                USBD_SetClassConfig
 .text.USBD_ClrClassConfig
                0x000000000800789e       0x34 ./Middlewares/ST/STM32_USB_Device_Library/Core/Src/usbd_core.o
                0x000000000800789e                USBD_ClrClassConfig
 .text.USBD_LL_SetupStage
                0x00000000080078d2       0xaa ./Middlewares/ST/STM32_USB_Device_Library/Core/Src/usbd_core.o
                0x00000000080078d2                USBD_LL_SetupStage
 .text.USBD_LL_DataOutStage
                0x000000000800797c      0x166 ./Middlewares/ST/STM32_USB_Device_Library/Core/Src/usbd_core.o
                0x000000000800797c                USBD_LL_DataOutStage
 .text.USBD_LL_DataInStage
                0x0000000008007ae2      0x164 ./Middlewares/ST/STM32_USB_Device_Library/Core/Src/usbd_core.o
                0x0000000008007ae2                USBD_LL_DataInStage
 .text.USBD_LL_Reset
                0x0000000008007c46       0xa4 ./Middlewares/ST/STM32_USB_Device_Library/Core/Src/usbd_core.o
                0x0000000008007c46                USBD_LL_Reset
 .text.USBD_LL_SetSpeed
                0x0000000008007cea       0x20 ./Middlewares/ST/STM32_USB_Device_Library/Core/Src/usbd_core.o
                0x0000000008007cea                USBD_LL_SetSpeed
 .text.USBD_LL_Suspend
                0x0000000008007d0a       0x2c ./Middlewares/ST/STM32_USB_Device_Library/Core/Src/usbd_core.o
                0x0000000008007d0a                USBD_LL_Suspend
 .text.USBD_LL_Resume
                0x0000000008007d36       0x30 ./Middlewares/ST/STM32_USB_Device_Library/Core/Src/usbd_core.o
                0x0000000008007d36                USBD_LL_Resume
 .text.USBD_LL_SOF
                0x0000000008007d66       0x40 ./Middlewares/ST/STM32_USB_Device_Library/Core/Src/usbd_core.o
                0x0000000008007d66                USBD_LL_SOF
 .text.USBD_LL_IsoINIncomplete
                0x0000000008007da6       0x64 ./Middlewares/ST/STM32_USB_Device_Library/Core/Src/usbd_core.o
                0x0000000008007da6                USBD_LL_IsoINIncomplete
 .text.USBD_LL_IsoOUTIncomplete
                0x0000000008007e0a       0x64 ./Middlewares/ST/STM32_USB_Device_Library/Core/Src/usbd_core.o
                0x0000000008007e0a                USBD_LL_IsoOUTIncomplete
 .text.USBD_LL_DevConnected
                0x0000000008007e6e       0x16 ./Middlewares/ST/STM32_USB_Device_Library/Core/Src/usbd_core.o
                0x0000000008007e6e                USBD_LL_DevConnected
 .text.USBD_LL_DevDisconnected
                0x0000000008007e84       0x46 ./Middlewares/ST/STM32_USB_Device_Library/Core/Src/usbd_core.o
                0x0000000008007e84                USBD_LL_DevDisconnected
 .text.USBD_CoreFindIF
                0x0000000008007eca       0x1a ./Middlewares/ST/STM32_USB_Device_Library/Core/Src/usbd_core.o
                0x0000000008007eca                USBD_CoreFindIF
 .text.USBD_CoreFindEP
                0x0000000008007ee4       0x1a ./Middlewares/ST/STM32_USB_Device_Library/Core/Src/usbd_core.o
                0x0000000008007ee4                USBD_CoreFindEP
 .text.USBD_GetNextDesc
                0x0000000008007efe       0x3a ./Middlewares/ST/STM32_USB_Device_Library/Core/Src/usbd_core.o
                0x0000000008007efe                USBD_GetNextDesc
 .text.SWAPBYTE
                0x0000000008007f38       0x3c ./Middlewares/ST/STM32_USB_Device_Library/Core/Src/usbd_ctlreq.o
 .text.USBD_StdDevReq
                0x0000000008007f74       0xe4 ./Middlewares/ST/STM32_USB_Device_Library/Core/Src/usbd_ctlreq.o
                0x0000000008007f74                USBD_StdDevReq
 .text.USBD_StdItfReq
                0x0000000008008058       0xd8 ./Middlewares/ST/STM32_USB_Device_Library/Core/Src/usbd_ctlreq.o
                0x0000000008008058                USBD_StdItfReq
 .text.USBD_StdEPReq
                0x0000000008008130      0x33a ./Middlewares/ST/STM32_USB_Device_Library/Core/Src/usbd_ctlreq.o
                0x0000000008008130                USBD_StdEPReq
 *fill*         0x000000000800846a        0x2 
 .text.USBD_GetDescriptor
                0x000000000800846c      0x2d4 ./Middlewares/ST/STM32_USB_Device_Library/Core/Src/usbd_ctlreq.o
 .text.USBD_SetAddress
                0x0000000008008740       0x88 ./Middlewares/ST/STM32_USB_Device_Library/Core/Src/usbd_ctlreq.o
 .text.USBD_SetConfig
                0x00000000080087c8      0x154 ./Middlewares/ST/STM32_USB_Device_Library/Core/Src/usbd_ctlreq.o
 .text.USBD_GetConfig
                0x000000000800891c       0x6c ./Middlewares/ST/STM32_USB_Device_Library/Core/Src/usbd_ctlreq.o
 .text.USBD_GetStatus
                0x0000000008008988       0x68 ./Middlewares/ST/STM32_USB_Device_Library/Core/Src/usbd_ctlreq.o
 .text.USBD_SetFeature
                0x00000000080089f0       0x52 ./Middlewares/ST/STM32_USB_Device_Library/Core/Src/usbd_ctlreq.o
 .text.USBD_ClrFeature
                0x0000000008008a42       0x44 ./Middlewares/ST/STM32_USB_Device_Library/Core/Src/usbd_ctlreq.o
 .text.USBD_ParseSetupRequest
                0x0000000008008a86       0x74 ./Middlewares/ST/STM32_USB_Device_Library/Core/Src/usbd_ctlreq.o
                0x0000000008008a86                USBD_ParseSetupRequest
 .text.USBD_CtlError
                0x0000000008008afa       0x22 ./Middlewares/ST/STM32_USB_Device_Library/Core/Src/usbd_ctlreq.o
                0x0000000008008afa                USBD_CtlError
 .text.USBD_GetString
                0x0000000008008b1c       0x8c ./Middlewares/ST/STM32_USB_Device_Library/Core/Src/usbd_ctlreq.o
                0x0000000008008b1c                USBD_GetString
 .text.USBD_GetLen
                0x0000000008008ba8       0x34 ./Middlewares/ST/STM32_USB_Device_Library/Core/Src/usbd_ctlreq.o
 .text.USBD_CtlSendData
                0x0000000008008bdc       0x36 ./Middlewares/ST/STM32_USB_Device_Library/Core/Src/usbd_ioreq.o
                0x0000000008008bdc                USBD_CtlSendData
 .text.USBD_CtlContinueSendData
                0x0000000008008c12       0x22 ./Middlewares/ST/STM32_USB_Device_Library/Core/Src/usbd_ioreq.o
                0x0000000008008c12                USBD_CtlContinueSendData
 .text.USBD_CtlPrepareRx
                0x0000000008008c34       0x3a ./Middlewares/ST/STM32_USB_Device_Library/Core/Src/usbd_ioreq.o
                0x0000000008008c34                USBD_CtlPrepareRx
 .text.USBD_CtlContinueRx
                0x0000000008008c6e       0x22 ./Middlewares/ST/STM32_USB_Device_Library/Core/Src/usbd_ioreq.o
                0x0000000008008c6e                USBD_CtlContinueRx
 .text.USBD_CtlSendStatus
                0x0000000008008c90       0x26 ./Middlewares/ST/STM32_USB_Device_Library/Core/Src/usbd_ioreq.o
                0x0000000008008c90                USBD_CtlSendStatus
 .text.USBD_CtlReceiveStatus
                0x0000000008008cb6       0x26 ./Middlewares/ST/STM32_USB_Device_Library/Core/Src/usbd_ioreq.o
                0x0000000008008cb6                USBD_CtlReceiveStatus
 .text.MX_USB_DEVICE_Init
                0x0000000008008cdc       0x60 ./USB_DEVICE/App/usb_device.o
                0x0000000008008cdc                MX_USB_DEVICE_Init
 .text.AUDIO_Init_FS
                0x0000000008008d3c       0x1a ./USB_DEVICE/App/usbd_audio_if.o
 .text.AUDIO_DeInit_FS
                0x0000000008008d56       0x16 ./USB_DEVICE/App/usbd_audio_if.o
 .text.AUDIO_AudioCmd_FS
                0x0000000008008d6c       0x38 ./USB_DEVICE/App/usbd_audio_if.o
 .text.AUDIO_VolumeCtl_FS
                0x0000000008008da4       0x18 ./USB_DEVICE/App/usbd_audio_if.o
 .text.AUDIO_MuteCtl_FS
                0x0000000008008dbc       0x18 ./USB_DEVICE/App/usbd_audio_if.o
 .text.AUDIO_PeriodicTC_FS
                0x0000000008008dd4       0x28 ./USB_DEVICE/App/usbd_audio_if.o
 .text.AUDIO_GetState_FS
                0x0000000008008dfc       0x10 ./USB_DEVICE/App/usbd_audio_if.o
 .text.TransferComplete_CallBack_FS
                0x0000000008008e0c       0x14 ./USB_DEVICE/App/usbd_audio_if.o
                0x0000000008008e0c                TransferComplete_CallBack_FS
 .text.HalfTransfer_CallBack_FS
                0x0000000008008e20       0x14 ./USB_DEVICE/App/usbd_audio_if.o
                0x0000000008008e20                HalfTransfer_CallBack_FS
 .text.USBD_FS_DeviceDescriptor
                0x0000000008008e34       0x24 ./USB_DEVICE/App/usbd_desc.o
                0x0000000008008e34                USBD_FS_DeviceDescriptor
 .text.USBD_FS_LangIDStrDescriptor
                0x0000000008008e58       0x24 ./USB_DEVICE/App/usbd_desc.o
                0x0000000008008e58                USBD_FS_LangIDStrDescriptor
 .text.USBD_FS_ProductStrDescriptor
                0x0000000008008e7c       0x3c ./USB_DEVICE/App/usbd_desc.o
                0x0000000008008e7c                USBD_FS_ProductStrDescriptor
 .text.USBD_FS_ManufacturerStrDescriptor
                0x0000000008008eb8       0x28 ./USB_DEVICE/App/usbd_desc.o
                0x0000000008008eb8                USBD_FS_ManufacturerStrDescriptor
 .text.USBD_FS_SerialStrDescriptor
                0x0000000008008ee0       0x24 ./USB_DEVICE/App/usbd_desc.o
                0x0000000008008ee0                USBD_FS_SerialStrDescriptor
 .text.USBD_FS_ConfigStrDescriptor
                0x0000000008008f04       0x3c ./USB_DEVICE/App/usbd_desc.o
                0x0000000008008f04                USBD_FS_ConfigStrDescriptor
 .text.USBD_FS_InterfaceStrDescriptor
                0x0000000008008f40       0x3c ./USB_DEVICE/App/usbd_desc.o
                0x0000000008008f40                USBD_FS_InterfaceStrDescriptor
 .text.Get_SerialNum
                0x0000000008008f7c       0x58 ./USB_DEVICE/App/usbd_desc.o
 .text.IntToUnicode
                0x0000000008008fd4       0x7e ./USB_DEVICE/App/usbd_desc.o
 *fill*         0x0000000008009052        0x2 
 .text.HAL_PCD_MspInit
                0x0000000008009054       0xa8 ./USB_DEVICE/Target/usbd_conf.o
                0x0000000008009054                HAL_PCD_MspInit
 .text.HAL_PCD_SetupStageCallback
                0x00000000080090fc       0x24 ./USB_DEVICE/Target/usbd_conf.o
                0x00000000080090fc                HAL_PCD_SetupStageCallback
 .text.HAL_PCD_DataOutStageCallback
                0x0000000008009120       0x36 ./USB_DEVICE/Target/usbd_conf.o
                0x0000000008009120                HAL_PCD_DataOutStageCallback
 .text.HAL_PCD_DataInStageCallback
                0x0000000008009156       0x34 ./USB_DEVICE/Target/usbd_conf.o
                0x0000000008009156                HAL_PCD_DataInStageCallback
 .text.HAL_PCD_SOFCallback
                0x000000000800918a       0x1c ./USB_DEVICE/Target/usbd_conf.o
                0x000000000800918a                HAL_PCD_SOFCallback
 .text.HAL_PCD_ResetCallback
                0x00000000080091a6       0x50 ./USB_DEVICE/Target/usbd_conf.o
                0x00000000080091a6                HAL_PCD_ResetCallback
 *fill*         0x00000000080091f6        0x2 
 .text.HAL_PCD_SuspendCallback
                0x00000000080091f8       0x4c ./USB_DEVICE/Target/usbd_conf.o
                0x00000000080091f8                HAL_PCD_SuspendCallback
 .text.HAL_PCD_ResumeCallback
                0x0000000008009244       0x1c ./USB_DEVICE/Target/usbd_conf.o
                0x0000000008009244                HAL_PCD_ResumeCallback
 .text.HAL_PCD_ISOOUTIncompleteCallback
                0x0000000008009260       0x24 ./USB_DEVICE/Target/usbd_conf.o
                0x0000000008009260                HAL_PCD_ISOOUTIncompleteCallback
 .text.HAL_PCD_ISOINIncompleteCallback
                0x0000000008009284       0x24 ./USB_DEVICE/Target/usbd_conf.o
                0x0000000008009284                HAL_PCD_ISOINIncompleteCallback
 .text.HAL_PCD_ConnectCallback
                0x00000000080092a8       0x1c ./USB_DEVICE/Target/usbd_conf.o
                0x00000000080092a8                HAL_PCD_ConnectCallback
 .text.HAL_PCD_DisconnectCallback
                0x00000000080092c4       0x1c ./USB_DEVICE/Target/usbd_conf.o
                0x00000000080092c4                HAL_PCD_DisconnectCallback
 .text.USBD_LL_Init
                0x00000000080092e0       0x98 ./USB_DEVICE/Target/usbd_conf.o
                0x00000000080092e0                USBD_LL_Init
 .text.USBD_LL_Start
                0x0000000008009378       0x36 ./USB_DEVICE/Target/usbd_conf.o
                0x0000000008009378                USBD_LL_Start
 .text.USBD_LL_OpenEP
                0x00000000080093ae       0x4c ./USB_DEVICE/Target/usbd_conf.o
                0x00000000080093ae                USBD_LL_OpenEP
 .text.USBD_LL_CloseEP
                0x00000000080093fa       0x3e ./USB_DEVICE/Target/usbd_conf.o
                0x00000000080093fa                USBD_LL_CloseEP
 .text.USBD_LL_StallEP
                0x0000000008009438       0x3e ./USB_DEVICE/Target/usbd_conf.o
                0x0000000008009438                USBD_LL_StallEP
 .text.USBD_LL_ClearStallEP
                0x0000000008009476       0x3e ./USB_DEVICE/Target/usbd_conf.o
                0x0000000008009476                USBD_LL_ClearStallEP
 .text.USBD_LL_IsStallEP
                0x00000000080094b4       0x58 ./USB_DEVICE/Target/usbd_conf.o
                0x00000000080094b4                USBD_LL_IsStallEP
 .text.USBD_LL_SetUSBAddress
                0x000000000800950c       0x3e ./USB_DEVICE/Target/usbd_conf.o
                0x000000000800950c                USBD_LL_SetUSBAddress
 .text.USBD_LL_Transmit
                0x000000000800954a       0x42 ./USB_DEVICE/Target/usbd_conf.o
                0x000000000800954a                USBD_LL_Transmit
 .text.USBD_LL_PrepareReceive
                0x000000000800958c       0x42 ./USB_DEVICE/Target/usbd_conf.o
                0x000000000800958c                USBD_LL_PrepareReceive
 .text.USBD_LL_GetRxDataSize
                0x00000000080095ce       0x26 ./USB_DEVICE/Target/usbd_conf.o
                0x00000000080095ce                USBD_LL_GetRxDataSize
 .text.USBD_static_malloc
                0x00000000080095f4       0x1c ./USB_DEVICE/Target/usbd_conf.o
                0x00000000080095f4                USBD_static_malloc
 .text.USBD_static_free
                0x0000000008009610       0x14 ./USB_DEVICE/Target/usbd_conf.o
                0x0000000008009610                USBD_static_free
 .text.USBD_Get_USB_Status
                0x0000000008009624       0x58 ./USB_DEVICE/Target/usbd_conf.o
                0x0000000008009624                USBD_Get_USB_Status
 .text.__libc_init_array
                0x000000000800967c       0x48 c:/st/stm32cubeide_1.9.0/stm32cubeide/plugins/com.st.stm32cube.ide.mcu.externaltools.gnu-tools-for-stm32.10.3-2021.10.win32_1.0.0.202111181127/tools/bin/../lib/gcc/arm-none-eabi/10.3.1/../../../../arm-none-eabi/lib/thumb/v7e-m+fp/hard\libc_nano.a(lib_a-init.o)
                0x000000000800967c                __libc_init_array
 .text.memset   0x00000000080096c4       0x10 c:/st/stm32cubeide_1.9.0/stm32cubeide/plugins/com.st.stm32cube.ide.mcu.externaltools.gnu-tools-for-stm32.10.3-2021.10.win32_1.0.0.202111181127/tools/bin/../lib/gcc/arm-none-eabi/10.3.1/../../../../arm-none-eabi/lib/thumb/v7e-m+fp/hard\libc_nano.a(lib_a-memset.o)
                0x00000000080096c4                memset
 *(.glue_7)
 .glue_7        0x00000000080096d4        0x0 linker stubs
 *(.glue_7t)
 .glue_7t       0x00000000080096d4        0x0 linker stubs
 *(.eh_frame)
 .eh_frame      0x00000000080096d4        0x0 c:/st/stm32cubeide_1.9.0/stm32cubeide/plugins/com.st.stm32cube.ide.mcu.externaltools.gnu-tools-for-stm32.10.3-2021.10.win32_1.0.0.202111181127/tools/bin/../lib/gcc/arm-none-eabi/10.3.1/thumb/v7e-m+fp/hard/crtbegin.o
 *(.init)
 .init          0x00000000080096d4        0x4 c:/st/stm32cubeide_1.9.0/stm32cubeide/plugins/com.st.stm32cube.ide.mcu.externaltools.gnu-tools-for-stm32.10.3-2021.10.win32_1.0.0.202111181127/tools/bin/../lib/gcc/arm-none-eabi/10.3.1/thumb/v7e-m+fp/hard/crti.o
                0x00000000080096d4                _init
 .init          0x00000000080096d8        0x8 c:/st/stm32cubeide_1.9.0/stm32cubeide/plugins/com.st.stm32cube.ide.mcu.externaltools.gnu-tools-for-stm32.10.3-2021.10.win32_1.0.0.202111181127/tools/bin/../lib/gcc/arm-none-eabi/10.3.1/thumb/v7e-m+fp/hard/crtn.o
 *(.fini)
 .fini          0x00000000080096e0        0x4 c:/st/stm32cubeide_1.9.0/stm32cubeide/plugins/com.st.stm32cube.ide.mcu.externaltools.gnu-tools-for-stm32.10.3-2021.10.win32_1.0.0.202111181127/tools/bin/../lib/gcc/arm-none-eabi/10.3.1/thumb/v7e-m+fp/hard/crti.o
                0x00000000080096e0                _fini
 .fini          0x00000000080096e4        0x8 c:/st/stm32cubeide_1.9.0/stm32cubeide/plugins/com.st.stm32cube.ide.mcu.externaltools.gnu-tools-for-stm32.10.3-2021.10.win32_1.0.0.202111181127/tools/bin/../lib/gcc/arm-none-eabi/10.3.1/thumb/v7e-m+fp/hard/crtn.o
                0x00000000080096ec                . = ALIGN (0x4)
                0x00000000080096ec                _etext = .

.vfp11_veneer   0x00000000080096ec        0x0
 .vfp11_veneer  0x00000000080096ec        0x0 linker stubs

.v4_bx          0x00000000080096ec        0x0
 .v4_bx         0x00000000080096ec        0x0 linker stubs

.iplt           0x00000000080096ec        0x0
 .iplt          0x00000000080096ec        0x0 c:/st/stm32cubeide_1.9.0/stm32cubeide/plugins/com.st.stm32cube.ide.mcu.externaltools.gnu-tools-for-stm32.10.3-2021.10.win32_1.0.0.202111181127/tools/bin/../lib/gcc/arm-none-eabi/10.3.1/thumb/v7e-m+fp/hard/crtbegin.o

.rodata         0x00000000080096ec      0x1fc
                0x00000000080096ec                . = ALIGN (0x4)
 *(.rodata)
 .rodata        0x00000000080096ec       0x3b ./Drivers/STM32F4xx_HAL_Driver/Src/stm32f4xx_hal_cortex.o
 *fill*         0x0000000008009727        0x1 
 .rodata        0x0000000008009728       0x38 ./Drivers/STM32F4xx_HAL_Driver/Src/stm32f4xx_hal_dma.o
 .rodata        0x0000000008009760       0x39 ./Drivers/STM32F4xx_HAL_Driver/Src/stm32f4xx_hal_gpio.o
 *fill*         0x0000000008009799        0x3 
 .rodata        0x000000000800979c       0x38 ./Drivers/STM32F4xx_HAL_Driver/Src/stm32f4xx_hal_i2s.o
 .rodata        0x00000000080097d4       0x38 ./Drivers/STM32F4xx_HAL_Driver/Src/stm32f4xx_hal_pcd.o
 .rodata        0x000000000800980c       0x38 ./Drivers/STM32F4xx_HAL_Driver/Src/stm32f4xx_hal_rcc.o
 .rodata        0x0000000008009844       0x3b ./Drivers/STM32F4xx_HAL_Driver/Src/stm32f4xx_hal_rcc_ex.o
 *fill*         0x000000000800987f        0x1 
 .rodata        0x0000000008009880       0x50 ./USB_DEVICE/App/usbd_desc.o
 *(.rodata*)
 .rodata.AHBPrescTable
                0x00000000080098d0       0x10 ./Core/Src/system_stm32f4xx.o
                0x00000000080098d0                AHBPrescTable
 .rodata.flagBitshiftOffset.0
                0x00000000080098e0        0x8 ./Drivers/STM32F4xx_HAL_Driver/Src/stm32f4xx_hal_dma.o
                0x00000000080098e8                . = ALIGN (0x4)

.ARM.extab      0x00000000080098e8        0x0
                0x00000000080098e8                . = ALIGN (0x4)
 *(.ARM.extab* .gnu.linkonce.armextab.*)
                0x00000000080098e8                . = ALIGN (0x4)

.ARM            0x00000000080098e8        0x8
                0x00000000080098e8                . = ALIGN (0x4)
                0x00000000080098e8                __exidx_start = .
 *(.ARM.exidx*)
 .ARM.exidx     0x00000000080098e8        0x8 c:/st/stm32cubeide_1.9.0/stm32cubeide/plugins/com.st.stm32cube.ide.mcu.externaltools.gnu-tools-for-stm32.10.3-2021.10.win32_1.0.0.202111181127/tools/bin/../lib/gcc/arm-none-eabi/10.3.1/thumb/v7e-m+fp/hard\libgcc.a(_udivmoddi4.o)
                0x00000000080098f0                __exidx_end = .
                0x00000000080098f0                . = ALIGN (0x4)

.rel.dyn        0x00000000080098f0        0x0
 .rel.iplt      0x00000000080098f0        0x0 c:/st/stm32cubeide_1.9.0/stm32cubeide/plugins/com.st.stm32cube.ide.mcu.externaltools.gnu-tools-for-stm32.10.3-2021.10.win32_1.0.0.202111181127/tools/bin/../lib/gcc/arm-none-eabi/10.3.1/thumb/v7e-m+fp/hard/crtbegin.o

.preinit_array  0x00000000080098f0        0x0
                0x00000000080098f0                . = ALIGN (0x4)
                0x00000000080098f0                PROVIDE (__preinit_array_start = .)
 *(.preinit_array*)
                0x00000000080098f0                PROVIDE (__preinit_array_end = .)
                0x00000000080098f0                . = ALIGN (0x4)

.init_array     0x00000000080098f0        0x4
                0x00000000080098f0                . = ALIGN (0x4)
                0x00000000080098f0                PROVIDE (__init_array_start = .)
 *(SORT_BY_NAME(.init_array.*))
 *(.init_array*)
 .init_array    0x00000000080098f0        0x4 c:/st/stm32cubeide_1.9.0/stm32cubeide/plugins/com.st.stm32cube.ide.mcu.externaltools.gnu-tools-for-stm32.10.3-2021.10.win32_1.0.0.202111181127/tools/bin/../lib/gcc/arm-none-eabi/10.3.1/thumb/v7e-m+fp/hard/crtbegin.o
                0x00000000080098f4                PROVIDE (__init_array_end = .)
                0x00000000080098f4                . = ALIGN (0x4)

.fini_array     0x00000000080098f4        0x4
                0x00000000080098f4                . = ALIGN (0x4)
                [!provide]                        PROVIDE (__fini_array_start = .)
 *(SORT_BY_NAME(.fini_array.*))
 *(.fini_array*)
 .fini_array    0x00000000080098f4        0x4 c:/st/stm32cubeide_1.9.0/stm32cubeide/plugins/com.st.stm32cube.ide.mcu.externaltools.gnu-tools-for-stm32.10.3-2021.10.win32_1.0.0.202111181127/tools/bin/../lib/gcc/arm-none-eabi/10.3.1/thumb/v7e-m+fp/hard/crtbegin.o
                [!provide]                        PROVIDE (__fini_array_end = .)
                0x00000000080098f8                . = ALIGN (0x4)
                0x00000000080098f8                _sidata = LOADADDR (.data)

.data           0x0000000020000000      0x12c load address 0x00000000080098f8
                0x0000000020000000                . = ALIGN (0x4)
                0x0000000020000000                _sdata = .
 *(.data)
 *(.data*)
 .data.SystemCoreClock
                0x0000000020000000        0x4 ./Core/Src/system_stm32f4xx.o
                0x0000000020000000                SystemCoreClock
 .data.uwTickPrio
                0x0000000020000004        0x4 ./Drivers/STM32F4xx_HAL_Driver/Src/stm32f4xx_hal.o
                0x0000000020000004                uwTickPrio
 .data.uwTickFreq
                0x0000000020000008        0x1 ./Drivers/STM32F4xx_HAL_Driver/Src/stm32f4xx_hal.o
                0x0000000020000008                uwTickFreq
 *fill*         0x0000000020000009        0x3 
 .data.USBD_AUDIO
                0x000000002000000c       0x38 ./Middlewares/ST/STM32_USB_Device_Library/Class/AUDIO/Src/usbd_audio.o
                0x000000002000000c                USBD_AUDIO
 .data.USBD_AUDIO_CfgDesc
                0x0000000020000044       0x6d ./Middlewares/ST/STM32_USB_Device_Library/Class/AUDIO/Src/usbd_audio.o
 *fill*         0x00000000200000b1        0x3 
 .data.USBD_AUDIO_DeviceQualifierDesc
                0x00000000200000b4        0xa ./Middlewares/ST/STM32_USB_Device_Library/Class/AUDIO/Src/usbd_audio.o
 .data.AUDIOOutEpAdd
                0x00000000200000be        0x1 ./Middlewares/ST/STM32_USB_Device_Library/Class/AUDIO/Src/usbd_audio.o
 *fill*         0x00000000200000bf        0x1 
 .data.USBD_AUDIO_fops_FS
                0x00000000200000c0       0x1c ./USB_DEVICE/App/usbd_audio_if.o
                0x00000000200000c0                USBD_AUDIO_fops_FS
 .data.FS_Desc  0x00000000200000dc       0x1c ./USB_DEVICE/App/usbd_desc.o
                0x00000000200000dc                FS_Desc
 .data.USBD_FS_DeviceDesc
                0x00000000200000f8       0x12 ./USB_DEVICE/App/usbd_desc.o
                0x00000000200000f8                USBD_FS_DeviceDesc
 *fill*         0x000000002000010a        0x2 
 .data.USBD_LangIDDesc
                0x000000002000010c        0x4 ./USB_DEVICE/App/usbd_desc.o
                0x000000002000010c                USBD_LangIDDesc
 .data.USBD_StringSerial
                0x0000000020000110       0x1a ./USB_DEVICE/App/usbd_desc.o
                0x0000000020000110                USBD_StringSerial
 *(.RamFunc)
 *(.RamFunc*)
                0x000000002000012c                . = ALIGN (0x4)
 *fill*         0x000000002000012a        0x2 
                0x000000002000012c                _edata = .
                0x0000000008009a24                _siccmram = LOADADDR (.ccmram)

.igot.plt       0x000000002000012c        0x0 load address 0x0000000008009a24
 .igot.plt      0x000000002000012c        0x0 c:/st/stm32cubeide_1.9.0/stm32cubeide/plugins/com.st.stm32cube.ide.mcu.externaltools.gnu-tools-for-stm32.10.3-2021.10.win32_1.0.0.202111181127/tools/bin/../lib/gcc/arm-none-eabi/10.3.1/thumb/v7e-m+fp/hard/crtbegin.o

.ccmram         0x0000000010000000        0x0 load address 0x0000000008009a24
                0x0000000010000000                . = ALIGN (0x4)
                0x0000000010000000                _sccmram = .
 *(.ccmram)
 *(.ccmram*)
                0x0000000010000000                . = ALIGN (0x4)
                0x0000000010000000                _eccmram = .
                0x0000000010000000                . = ALIGN (0x4)

.bss            0x000000002000012c     0x4708
                0x000000002000012c                _sbss = .
                0x000000002000012c                __bss_start__ = _sbss
 *(.bss)
 .bss           0x000000002000012c       0x1c c:/st/stm32cubeide_1.9.0/stm32cubeide/plugins/com.st.stm32cube.ide.mcu.externaltools.gnu-tools-for-stm32.10.3-2021.10.win32_1.0.0.202111181127/tools/bin/../lib/gcc/arm-none-eabi/10.3.1/thumb/v7e-m+fp/hard/crtbegin.o
 *(.bss*)
 .bss.hi2s2     0x0000000020000148       0x48 ./Core/Src/i2s.o
                0x0000000020000148                hi2s2
 .bss.hdma_spi2_tx
                0x0000000020000190       0x60 ./Core/Src/i2s.o
                0x0000000020000190                hdma_spi2_tx
 .bss.uwTick    0x00000000200001f0        0x4 ./Drivers/STM32F4xx_HAL_Driver/Src/stm32f4xx_hal.o
                0x00000000200001f0                uwTick
 .bss.cfgidx.0  0x00000000200001f4        0x1 ./Middlewares/ST/STM32_USB_Device_Library/Core/Src/usbd_ctlreq.o
 *fill*         0x00000000200001f5        0x3 
 .bss.hUsbDeviceFS
                0x00000000200001f8      0x2dc ./USB_DEVICE/App/usb_device.o
                0x00000000200001f8                hUsbDeviceFS
 .bss.USBD_StrDesc
                0x00000000200004d4      0x200 ./USB_DEVICE/App/usbd_desc.o
                0x00000000200004d4                USBD_StrDesc
 .bss.hpcd_USB_OTG_FS
                0x00000000200006d4      0x50c ./USB_DEVICE/Target/usbd_conf.o
                0x00000000200006d4                hpcd_USB_OTG_FS
 .bss.mem.0     0x0000000020000be0     0x3c54 ./USB_DEVICE/Target/usbd_conf.o
 *(COMMON)
                0x0000000020004834                . = ALIGN (0x4)
                0x0000000020004834                _ebss = .
                0x0000000020004834                __bss_end__ = _ebss

._user_heap_stack
                0x0000000020004834     0x6004
                0x0000000020004838                . = ALIGN (0x8)
 *fill*         0x0000000020004834        0x4 
                [!provide]                        PROVIDE (end = .)
                0x0000000020004838                PROVIDE (_end = .)
                0x0000000020008838                . = (. + _Min_Heap_Size)
 *fill*         0x0000000020004838     0x4000 
                0x000000002000a838                . = (. + _Min_Stack_Size)
 *fill*         0x0000000020008838     0x2000 
                0x000000002000a838                . = ALIGN (0x8)

/DISCARD/
 libc.a(*)
 libm.a(*)
 libgcc.a(*)

.ARM.attributes
                0x0000000000000000       0x30
 *(.ARM.attributes)
 .ARM.attributes
                0x0000000000000000       0x1e c:/st/stm32cubeide_1.9.0/stm32cubeide/plugins/com.st.stm32cube.ide.mcu.externaltools.gnu-tools-for-stm32.10.3-2021.10.win32_1.0.0.202111181127/tools/bin/../lib/gcc/arm-none-eabi/10.3.1/thumb/v7e-m+fp/hard/crti.o
 .ARM.attributes
                0x000000000000001e       0x34 c:/st/stm32cubeide_1.9.0/stm32cubeide/plugins/com.st.stm32cube.ide.mcu.externaltools.gnu-tools-for-stm32.10.3-2021.10.win32_1.0.0.202111181127/tools/bin/../lib/gcc/arm-none-eabi/10.3.1/thumb/v7e-m+fp/hard/crtbegin.o
 .ARM.attributes
                0x0000000000000052       0x34 ./Core/Src/audioplay.o
 .ARM.attributes
                0x0000000000000086       0x34 ./Core/Src/dma.o
 .ARM.attributes
                0x00000000000000ba       0x34 ./Core/Src/gpio.o
 .ARM.attributes
                0x00000000000000ee       0x34 ./Core/Src/i2s.o
 .ARM.attributes
                0x0000000000000122       0x34 ./Core/Src/main.o
 .ARM.attributes
                0x0000000000000156       0x34 ./Core/Src/stm32f4xx_hal_msp.o
 .ARM.attributes
                0x000000000000018a       0x34 ./Core/Src/stm32f4xx_it.o
 .ARM.attributes
                0x00000000000001be       0x34 ./Core/Src/system_stm32f4xx.o
 .ARM.attributes
                0x00000000000001f2       0x21 ./Core/Startup/startup_stm32f407vetx.o
 .ARM.attributes
                0x0000000000000213       0x34 ./Drivers/STM32F4xx_HAL_Driver/Src/stm32f4xx_hal.o
 .ARM.attributes
                0x0000000000000247       0x34 ./Drivers/STM32F4xx_HAL_Driver/Src/stm32f4xx_hal_cortex.o
 .ARM.attributes
                0x000000000000027b       0x34 ./Drivers/STM32F4xx_HAL_Driver/Src/stm32f4xx_hal_dma.o
 .ARM.attributes
                0x00000000000002af       0x34 ./Drivers/STM32F4xx_HAL_Driver/Src/stm32f4xx_hal_gpio.o
 .ARM.attributes
                0x00000000000002e3       0x34 ./Drivers/STM32F4xx_HAL_Driver/Src/stm32f4xx_hal_i2s.o
 .ARM.attributes
                0x0000000000000317       0x34 ./Drivers/STM32F4xx_HAL_Driver/Src/stm32f4xx_hal_i2s_ex.o
 .ARM.attributes
                0x000000000000034b       0x34 ./Drivers/STM32F4xx_HAL_Driver/Src/stm32f4xx_hal_pcd.o
 .ARM.attributes
                0x000000000000037f       0x34 ./Drivers/STM32F4xx_HAL_Driver/Src/stm32f4xx_hal_pcd_ex.o
 .ARM.attributes
                0x00000000000003b3       0x34 ./Drivers/STM32F4xx_HAL_Driver/Src/stm32f4xx_hal_rcc.o
 .ARM.attributes
                0x00000000000003e7       0x34 ./Drivers/STM32F4xx_HAL_Driver/Src/stm32f4xx_hal_rcc_ex.o
 .ARM.attributes
                0x000000000000041b       0x34 ./Drivers/STM32F4xx_HAL_Driver/Src/stm32f4xx_ll_usb.o
 .ARM.attributes
                0x000000000000044f       0x34 ./Middlewares/ST/STM32_USB_Device_Library/Class/AUDIO/Src/usbd_audio.o
 .ARM.attributes
                0x0000000000000483       0x34 ./Middlewares/ST/STM32_USB_Device_Library/Core/Src/usbd_core.o
 .ARM.attributes
                0x00000000000004b7       0x34 ./Middlewares/ST/STM32_USB_Device_Library/Core/Src/usbd_ctlreq.o
 .ARM.attributes
                0x00000000000004eb       0x34 ./Middlewares/ST/STM32_USB_Device_Library/Core/Src/usbd_ioreq.o
 .ARM.attributes
                0x000000000000051f       0x34 ./USB_DEVICE/App/usb_device.o
 .ARM.attributes
                0x0000000000000553       0x34 ./USB_DEVICE/App/usbd_audio_if.o
 .ARM.attributes
                0x0000000000000587       0x34 ./USB_DEVICE/App/usbd_desc.o
 .ARM.attributes
                0x00000000000005bb       0x34 ./USB_DEVICE/Target/usbd_conf.o
 .ARM.attributes
                0x00000000000005ef       0x34 c:/st/stm32cubeide_1.9.0/stm32cubeide/plugins/com.st.stm32cube.ide.mcu.externaltools.gnu-tools-for-stm32.10.3-2021.10.win32_1.0.0.202111181127/tools/bin/../lib/gcc/arm-none-eabi/10.3.1/../../../../arm-none-eabi/lib/thumb/v7e-m+fp/hard\libc_nano.a(lib_a-init.o)
 .ARM.attributes
                0x0000000000000623       0x34 c:/st/stm32cubeide_1.9.0/stm32cubeide/plugins/com.st.stm32cube.ide.mcu.externaltools.gnu-tools-for-stm32.10.3-2021.10.win32_1.0.0.202111181127/tools/bin/../lib/gcc/arm-none-eabi/10.3.1/../../../../arm-none-eabi/lib/thumb/v7e-m+fp/hard\libc_nano.a(lib_a-memset.o)
 .ARM.attributes
                0x0000000000000657       0x1e c:/st/stm32cubeide_1.9.0/stm32cubeide/plugins/com.st.stm32cube.ide.mcu.externaltools.gnu-tools-for-stm32.10.3-2021.10.win32_1.0.0.202111181127/tools/bin/../lib/gcc/arm-none-eabi/10.3.1/thumb/v7e-m+fp/hard\libgcc.a(_aeabi_uldivmod.o)
 .ARM.attributes
                0x0000000000000675       0x34 c:/st/stm32cubeide_1.9.0/stm32cubeide/plugins/com.st.stm32cube.ide.mcu.externaltools.gnu-tools-for-stm32.10.3-2021.10.win32_1.0.0.202111181127/tools/bin/../lib/gcc/arm-none-eabi/10.3.1/thumb/v7e-m+fp/hard\libgcc.a(_udivmoddi4.o)
 .ARM.attributes
                0x00000000000006a9       0x1e c:/st/stm32cubeide_1.9.0/stm32cubeide/plugins/com.st.stm32cube.ide.mcu.externaltools.gnu-tools-for-stm32.10.3-2021.10.win32_1.0.0.202111181127/tools/bin/../lib/gcc/arm-none-eabi/10.3.1/thumb/v7e-m+fp/hard\libgcc.a(_dvmd_tls.o)
 .ARM.attributes
                0x00000000000006c7       0x1e c:/st/stm32cubeide_1.9.0/stm32cubeide/plugins/com.st.stm32cube.ide.mcu.externaltools.gnu-tools-for-stm32.10.3-2021.10.win32_1.0.0.202111181127/tools/bin/../lib/gcc/arm-none-eabi/10.3.1/thumb/v7e-m+fp/hard/crtn.o
OUTPUT(F407_usb_audio.elf elf32-littlearm)
LOAD linker stubs
LOAD c:/st/stm32cubeide_1.9.0/stm32cubeide/plugins/com.st.stm32cube.ide.mcu.externaltools.gnu-tools-for-stm32.10.3-2021.10.win32_1.0.0.202111181127/tools/bin/../lib/gcc/arm-none-eabi/10.3.1/../../../../arm-none-eabi/lib/thumb/v7e-m+fp/hard\libc.a
LOAD c:/st/stm32cubeide_1.9.0/stm32cubeide/plugins/com.st.stm32cube.ide.mcu.externaltools.gnu-tools-for-stm32.10.3-2021.10.win32_1.0.0.202111181127/tools/bin/../lib/gcc/arm-none-eabi/10.3.1/../../../../arm-none-eabi/lib/thumb/v7e-m+fp/hard\libm.a
LOAD c:/st/stm32cubeide_1.9.0/stm32cubeide/plugins/com.st.stm32cube.ide.mcu.externaltools.gnu-tools-for-stm32.10.3-2021.10.win32_1.0.0.202111181127/tools/bin/../lib/gcc/arm-none-eabi/10.3.1/thumb/v7e-m+fp/hard\libgcc.a

.debug_info     0x0000000000000000    0x122a3
 .debug_info    0x0000000000000000      0x809 ./Core/Src/audioplay.o
 .debug_info    0x0000000000000809      0x4ec ./Core/Src/dma.o
 .debug_info    0x0000000000000cf5      0x471 ./Core/Src/gpio.o
 .debug_info    0x0000000000001166      0xabb ./Core/Src/i2s.o
 .debug_info    0x0000000000001c21      0x682 ./Core/Src/main.o
 .debug_info    0x00000000000022a3      0x2a8 ./Core/Src/stm32f4xx_hal_msp.o
 .debug_info    0x000000000000254b      0x8de ./Core/Src/stm32f4xx_it.o
 .debug_info    0x0000000000002e29      0x523 ./Core/Src/system_stm32f4xx.o
 .debug_info    0x000000000000334c       0x22 ./Core/Startup/startup_stm32f407vetx.o
 .debug_info    0x000000000000336e      0x9b2 ./Drivers/STM32F4xx_HAL_Driver/Src/stm32f4xx_hal.o
 .debug_info    0x0000000000003d20      0xe51 ./Drivers/STM32F4xx_HAL_Driver/Src/stm32f4xx_hal_cortex.o
 .debug_info    0x0000000000004b71      0x96d ./Drivers/STM32F4xx_HAL_Driver/Src/stm32f4xx_hal_dma.o
 .debug_info    0x00000000000054de      0x788 ./Drivers/STM32F4xx_HAL_Driver/Src/stm32f4xx_hal_gpio.o
 .debug_info    0x0000000000005c66      0xeec ./Drivers/STM32F4xx_HAL_Driver/Src/stm32f4xx_hal_i2s.o
 .debug_info    0x0000000000006b52      0xb7b ./Drivers/STM32F4xx_HAL_Driver/Src/stm32f4xx_hal_i2s_ex.o
 .debug_info    0x00000000000076cd     0x16ad ./Drivers/STM32F4xx_HAL_Driver/Src/stm32f4xx_hal_pcd.o
 .debug_info    0x0000000000008d7a      0x717 ./Drivers/STM32F4xx_HAL_Driver/Src/stm32f4xx_hal_pcd_ex.o
 .debug_info    0x0000000000009491      0x984 ./Drivers/STM32F4xx_HAL_Driver/Src/stm32f4xx_hal_rcc.o
 .debug_info    0x0000000000009e15      0x587 ./Drivers/STM32F4xx_HAL_Driver/Src/stm32f4xx_hal_rcc_ex.o
 .debug_info    0x000000000000a39c     0x1a97 ./Drivers/STM32F4xx_HAL_Driver/Src/stm32f4xx_ll_usb.o
 .debug_info    0x000000000000be33      0xf2a ./Middlewares/ST/STM32_USB_Device_Library/Class/AUDIO/Src/usbd_audio.o
 .debug_info    0x000000000000cd5d      0xee7 ./Middlewares/ST/STM32_USB_Device_Library/Core/Src/usbd_core.o
 .debug_info    0x000000000000dc44      0xb7f ./Middlewares/ST/STM32_USB_Device_Library/Core/Src/usbd_ctlreq.o
 .debug_info    0x000000000000e7c3      0x7da ./Middlewares/ST/STM32_USB_Device_Library/Core/Src/usbd_ioreq.o
 .debug_info    0x000000000000ef9d      0x78c ./USB_DEVICE/App/usb_device.o
 .debug_info    0x000000000000f729      0x9c2 ./USB_DEVICE/App/usbd_audio_if.o
 .debug_info    0x00000000000100eb      0x498 ./USB_DEVICE/App/usbd_desc.o
 .debug_info    0x0000000000010583     0x1d20 ./USB_DEVICE/Target/usbd_conf.o

.debug_abbrev   0x0000000000000000     0x388d
 .debug_abbrev  0x0000000000000000      0x1e2 ./Core/Src/audioplay.o
 .debug_abbrev  0x00000000000001e2      0x10a ./Core/Src/dma.o
 .debug_abbrev  0x00000000000002ec      0x146 ./Core/Src/gpio.o
 .debug_abbrev  0x0000000000000432      0x1f3 ./Core/Src/i2s.o
 .debug_abbrev  0x0000000000000625      0x218 ./Core/Src/main.o
 .debug_abbrev  0x000000000000083d       0xd4 ./Core/Src/stm32f4xx_hal_msp.o
 .debug_abbrev  0x0000000000000911      0x1d5 ./Core/Src/stm32f4xx_it.o
 .debug_abbrev  0x0000000000000ae6      0x116 ./Core/Src/system_stm32f4xx.o
 .debug_abbrev  0x0000000000000bfc       0x12 ./Core/Startup/startup_stm32f407vetx.o
 .debug_abbrev  0x0000000000000c0e      0x216 ./Drivers/STM32F4xx_HAL_Driver/Src/stm32f4xx_hal.o
 .debug_abbrev  0x0000000000000e24      0x332 ./Drivers/STM32F4xx_HAL_Driver/Src/stm32f4xx_hal_cortex.o
 .debug_abbrev  0x0000000000001156      0x270 ./Drivers/STM32F4xx_HAL_Driver/Src/stm32f4xx_hal_dma.o
 .debug_abbrev  0x00000000000013c6      0x1e0 ./Drivers/STM32F4xx_HAL_Driver/Src/stm32f4xx_hal_gpio.o
 .debug_abbrev  0x00000000000015a6      0x25c ./Drivers/STM32F4xx_HAL_Driver/Src/stm32f4xx_hal_i2s.o
 .debug_abbrev  0x0000000000001802      0x278 ./Drivers/STM32F4xx_HAL_Driver/Src/stm32f4xx_hal_i2s_ex.o
 .debug_abbrev  0x0000000000001a7a      0x2d0 ./Drivers/STM32F4xx_HAL_Driver/Src/stm32f4xx_hal_pcd.o
 .debug_abbrev  0x0000000000001d4a      0x1ce ./Drivers/STM32F4xx_HAL_Driver/Src/stm32f4xx_hal_pcd_ex.o
 .debug_abbrev  0x0000000000001f18      0x2bf ./Drivers/STM32F4xx_HAL_Driver/Src/stm32f4xx_hal_rcc.o
 .debug_abbrev  0x00000000000021d7      0x1bd ./Drivers/STM32F4xx_HAL_Driver/Src/stm32f4xx_hal_rcc_ex.o
 .debug_abbrev  0x0000000000002394      0x296 ./Drivers/STM32F4xx_HAL_Driver/Src/stm32f4xx_ll_usb.o
 .debug_abbrev  0x000000000000262a      0x300 ./Middlewares/ST/STM32_USB_Device_Library/Class/AUDIO/Src/usbd_audio.o
 .debug_abbrev  0x000000000000292a      0x263 ./Middlewares/ST/STM32_USB_Device_Library/Core/Src/usbd_core.o
 .debug_abbrev  0x0000000000002b8d      0x25c ./Middlewares/ST/STM32_USB_Device_Library/Core/Src/usbd_ctlreq.o
 .debug_abbrev  0x0000000000002de9      0x18a ./Middlewares/ST/STM32_USB_Device_Library/Core/Src/usbd_ioreq.o
 .debug_abbrev  0x0000000000002f73      0x1c3 ./USB_DEVICE/App/usb_device.o
 .debug_abbrev  0x0000000000003136      0x249 ./USB_DEVICE/App/usbd_audio_if.o
 .debug_abbrev  0x000000000000337f      0x1da ./USB_DEVICE/App/usbd_desc.o
 .debug_abbrev  0x0000000000003559      0x334 ./USB_DEVICE/Target/usbd_conf.o

.debug_aranges  0x0000000000000000      0xe90
 .debug_aranges
                0x0000000000000000       0x50 ./Core/Src/audioplay.o
 .debug_aranges
                0x0000000000000050       0x20 ./Core/Src/dma.o
 .debug_aranges
                0x0000000000000070       0x20 ./Core/Src/gpio.o
 .debug_aranges
                0x0000000000000090       0x30 ./Core/Src/i2s.o
 .debug_aranges
                0x00000000000000c0       0x38 ./Core/Src/main.o
 .debug_aranges
                0x00000000000000f8       0x20 ./Core/Src/stm32f4xx_hal_msp.o
 .debug_aranges
                0x0000000000000118       0x70 ./Core/Src/stm32f4xx_it.o
 .debug_aranges
                0x0000000000000188       0x28 ./Core/Src/system_stm32f4xx.o
 .debug_aranges
                0x00000000000001b0       0x28 ./Core/Startup/startup_stm32f407vetx.o
 .debug_aranges
                0x00000000000001d8       0xf0 ./Drivers/STM32F4xx_HAL_Driver/Src/stm32f4xx_hal.o
 .debug_aranges
                0x00000000000002c8      0x118 ./Drivers/STM32F4xx_HAL_Driver/Src/stm32f4xx_hal_cortex.o
 .debug_aranges
                0x00000000000003e0       0x90 ./Drivers/STM32F4xx_HAL_Driver/Src/stm32f4xx_hal_dma.o
 .debug_aranges
                0x0000000000000470       0x58 ./Drivers/STM32F4xx_HAL_Driver/Src/stm32f4xx_hal_gpio.o
 .debug_aranges
                0x00000000000004c8      0x108 ./Drivers/STM32F4xx_HAL_Driver/Src/stm32f4xx_hal_i2s.o
 .debug_aranges
                0x00000000000005d0       0x88 ./Drivers/STM32F4xx_HAL_Driver/Src/stm32f4xx_hal_i2s_ex.o
 .debug_aranges
                0x0000000000000658      0x148 ./Drivers/STM32F4xx_HAL_Driver/Src/stm32f4xx_hal_pcd.o
 .debug_aranges
                0x00000000000007a0       0x38 ./Drivers/STM32F4xx_HAL_Driver/Src/stm32f4xx_hal_pcd_ex.o
 .debug_aranges
                0x00000000000007d8       0x88 ./Drivers/STM32F4xx_HAL_Driver/Src/stm32f4xx_hal_rcc.o
 .debug_aranges
                0x0000000000000860       0x48 ./Drivers/STM32F4xx_HAL_Driver/Src/stm32f4xx_hal_rcc_ex.o
 .debug_aranges
                0x00000000000008a8      0x1a0 ./Drivers/STM32F4xx_HAL_Driver/Src/stm32f4xx_ll_usb.o
 .debug_aranges
                0x0000000000000a48       0xa0 ./Middlewares/ST/STM32_USB_Device_Library/Class/AUDIO/Src/usbd_audio.o
 .debug_aranges
                0x0000000000000ae8       0xd8 ./Middlewares/ST/STM32_USB_Device_Library/Core/Src/usbd_core.o
 .debug_aranges
                0x0000000000000bc0       0x90 ./Middlewares/ST/STM32_USB_Device_Library/Core/Src/usbd_ctlreq.o
 .debug_aranges
                0x0000000000000c50       0x50 ./Middlewares/ST/STM32_USB_Device_Library/Core/Src/usbd_ioreq.o
 .debug_aranges
                0x0000000000000ca0       0x20 ./USB_DEVICE/App/usb_device.o
 .debug_aranges
                0x0000000000000cc0       0x60 ./USB_DEVICE/App/usbd_audio_if.o
 .debug_aranges
                0x0000000000000d20       0x60 ./USB_DEVICE/App/usbd_desc.o
 .debug_aranges
                0x0000000000000d80      0x110 ./USB_DEVICE/Target/usbd_conf.o

.debug_ranges   0x0000000000000000      0xcd8
 .debug_ranges  0x0000000000000000       0x40 ./Core/Src/audioplay.o
 .debug_ranges  0x0000000000000040       0x10 ./Core/Src/dma.o
 .debug_ranges  0x0000000000000050       0x10 ./Core/Src/gpio.o
 .debug_ranges  0x0000000000000060       0x20 ./Core/Src/i2s.o
 .debug_ranges  0x0000000000000080       0x28 ./Core/Src/main.o
 .debug_ranges  0x00000000000000a8       0x10 ./Core/Src/stm32f4xx_hal_msp.o
 .debug_ranges  0x00000000000000b8       0x60 ./Core/Src/stm32f4xx_it.o
 .debug_ranges  0x0000000000000118       0x18 ./Core/Src/system_stm32f4xx.o
 .debug_ranges  0x0000000000000130       0x20 ./Core/Startup/startup_stm32f407vetx.o
 .debug_ranges  0x0000000000000150       0xe0 ./Drivers/STM32F4xx_HAL_Driver/Src/stm32f4xx_hal.o
 .debug_ranges  0x0000000000000230      0x108 ./Drivers/STM32F4xx_HAL_Driver/Src/stm32f4xx_hal_cortex.o
 .debug_ranges  0x0000000000000338       0x80 ./Drivers/STM32F4xx_HAL_Driver/Src/stm32f4xx_hal_dma.o
 .debug_ranges  0x00000000000003b8       0x48 ./Drivers/STM32F4xx_HAL_Driver/Src/stm32f4xx_hal_gpio.o
 .debug_ranges  0x0000000000000400       0xf8 ./Drivers/STM32F4xx_HAL_Driver/Src/stm32f4xx_hal_i2s.o
 .debug_ranges  0x00000000000004f8       0x78 ./Drivers/STM32F4xx_HAL_Driver/Src/stm32f4xx_hal_i2s_ex.o
 .debug_ranges  0x0000000000000570      0x138 ./Drivers/STM32F4xx_HAL_Driver/Src/stm32f4xx_hal_pcd.o
 .debug_ranges  0x00000000000006a8       0x28 ./Drivers/STM32F4xx_HAL_Driver/Src/stm32f4xx_hal_pcd_ex.o
 .debug_ranges  0x00000000000006d0       0x78 ./Drivers/STM32F4xx_HAL_Driver/Src/stm32f4xx_hal_rcc.o
 .debug_ranges  0x0000000000000748       0x38 ./Drivers/STM32F4xx_HAL_Driver/Src/stm32f4xx_hal_rcc_ex.o
 .debug_ranges  0x0000000000000780      0x190 ./Drivers/STM32F4xx_HAL_Driver/Src/stm32f4xx_ll_usb.o
 .debug_ranges  0x0000000000000910       0x90 ./Middlewares/ST/STM32_USB_Device_Library/Class/AUDIO/Src/usbd_audio.o
 .debug_ranges  0x00000000000009a0       0xc8 ./Middlewares/ST/STM32_USB_Device_Library/Core/Src/usbd_core.o
 .debug_ranges  0x0000000000000a68       0x80 ./Middlewares/ST/STM32_USB_Device_Library/Core/Src/usbd_ctlreq.o
 .debug_ranges  0x0000000000000ae8       0x40 ./Middlewares/ST/STM32_USB_Device_Library/Core/Src/usbd_ioreq.o
 .debug_ranges  0x0000000000000b28       0x10 ./USB_DEVICE/App/usb_device.o
 .debug_ranges  0x0000000000000b38       0x50 ./USB_DEVICE/App/usbd_audio_if.o
 .debug_ranges  0x0000000000000b88       0x50 ./USB_DEVICE/App/usbd_desc.o
 .debug_ranges  0x0000000000000bd8      0x100 ./USB_DEVICE/Target/usbd_conf.o

.debug_macro    0x0000000000000000    0x2422d
 .debug_macro   0x0000000000000000      0x434 ./Core/Src/audioplay.o
 .debug_macro   0x0000000000000434      0xa78 ./Core/Src/audioplay.o
 .debug_macro   0x0000000000000eac      0x2a2 ./Core/Src/audioplay.o
 .debug_macro   0x000000000000114e       0x2e ./Core/Src/audioplay.o
 .debug_macro   0x000000000000117c       0x2f ./Core/Src/audioplay.o
 .debug_macro   0x00000000000011ab       0x22 ./Core/Src/audioplay.o
 .debug_macro   0x00000000000011cd       0x8e ./Core/Src/audioplay.o
 .debug_macro   0x000000000000125b       0x51 ./Core/Src/audioplay.o
 .debug_macro   0x00000000000012ac      0x103 ./Core/Src/audioplay.o
 .debug_macro   0x00000000000013af       0x6a ./Core/Src/audioplay.o
 .debug_macro   0x0000000000001419      0x1df ./Core/Src/audioplay.o
 .debug_macro   0x00000000000015f8       0x1c ./Core/Src/audioplay.o
 .debug_macro   0x0000000000001614       0x22 ./Core/Src/audioplay.o
 .debug_macro   0x0000000000001636       0xd9 ./Core/Src/audioplay.o
 .debug_macro   0x000000000000170f     0x102d ./Core/Src/audioplay.o
 .debug_macro   0x000000000000273c      0x11f ./Core/Src/audioplay.o
 .debug_macro   0x000000000000285b    0x15e82 ./Core/Src/audioplay.o
 .debug_macro   0x00000000000186dd       0x6d ./Core/Src/audioplay.o
 .debug_macro   0x000000000001874a     0x367e ./Core/Src/audioplay.o
 .debug_macro   0x000000000001bdc8      0x174 ./Core/Src/audioplay.o
 .debug_macro   0x000000000001bf3c       0x5c ./Core/Src/audioplay.o
 .debug_macro   0x000000000001bf98      0x96b ./Core/Src/audioplay.o
 .debug_macro   0x000000000001c903      0x9fe ./Core/Src/audioplay.o
 .debug_macro   0x000000000001d301      0x115 ./Core/Src/audioplay.o
 .debug_macro   0x000000000001d416      0x13e ./Core/Src/audioplay.o
 .debug_macro   0x000000000001d554       0xa5 ./Core/Src/audioplay.o
 .debug_macro   0x000000000001d5f9      0x174 ./Core/Src/audioplay.o
 .debug_macro   0x000000000001d76d      0x287 ./Core/Src/audioplay.o
 .debug_macro   0x000000000001d9f4       0x5f ./Core/Src/audioplay.o
 .debug_macro   0x000000000001da53      0x236 ./Core/Src/audioplay.o
 .debug_macro   0x000000000001dc89      0x12c ./Core/Src/audioplay.o
 .debug_macro   0x000000000001ddb5      0x21e ./Core/Src/audioplay.o
 .debug_macro   0x000000000001dfd3       0x2e ./Core/Src/audioplay.o
 .debug_macro   0x000000000001e001      0x1a7 ./Core/Src/audioplay.o
 .debug_macro   0x000000000001e1a8       0x46 ./Core/Src/audioplay.o
 .debug_macro   0x000000000001e1ee       0x4a ./Core/Src/audioplay.o
 .debug_macro   0x000000000001e238      0x11a ./Core/Src/audioplay.o
 .debug_macro   0x000000000001e352       0x7e ./Core/Src/audioplay.o
 .debug_macro   0x000000000001e3d0       0x89 ./Core/Src/audioplay.o
 .debug_macro   0x000000000001e459      0x248 ./Core/Src/audioplay.o
 .debug_macro   0x000000000001e6a1       0xba ./Core/Src/audioplay.o
 .debug_macro   0x000000000001e75b      0x12d ./Core/Src/audioplay.o
 .debug_macro   0x000000000001e888       0x52 ./Core/Src/audioplay.o
 .debug_macro   0x000000000001e8da       0x1e ./Core/Src/audioplay.o
 .debug_macro   0x000000000001e8f8       0x3c ./Core/Src/audioplay.o
 .debug_macro   0x000000000001e934       0x34 ./Core/Src/audioplay.o
 .debug_macro   0x000000000001e968       0x16 ./Core/Src/audioplay.o
 .debug_macro   0x000000000001e97e       0x35 ./Core/Src/audioplay.o
 .debug_macro   0x000000000001e9b3      0x341 ./Core/Src/audioplay.o
 .debug_macro   0x000000000001ecf4       0x10 ./Core/Src/audioplay.o
 .debug_macro   0x000000000001ed04       0x16 ./Core/Src/audioplay.o
 .debug_macro   0x000000000001ed1a       0x43 ./Core/Src/audioplay.o
 .debug_macro   0x000000000001ed5d       0x34 ./Core/Src/audioplay.o
 .debug_macro   0x000000000001ed91       0x10 ./Core/Src/audioplay.o
 .debug_macro   0x000000000001eda1       0x58 ./Core/Src/audioplay.o
 .debug_macro   0x000000000001edf9       0x71 ./Core/Src/audioplay.o
 .debug_macro   0x000000000001ee6a       0x1c ./Core/Src/audioplay.o
 .debug_macro   0x000000000001ee86      0x12a ./Core/Src/audioplay.o
 .debug_macro   0x000000000001efb0       0x10 ./Core/Src/audioplay.o
 .debug_macro   0x000000000001efc0       0x1c ./Core/Src/audioplay.o
 .debug_macro   0x000000000001efdc       0x52 ./Core/Src/audioplay.o
 .debug_macro   0x000000000001f02e       0x22 ./Core/Src/audioplay.o
 .debug_macro   0x000000000001f050       0x10 ./Core/Src/audioplay.o
 .debug_macro   0x000000000001f060       0x52 ./Core/Src/audioplay.o
 .debug_macro   0x000000000001f0b2       0xd5 ./Core/Src/audioplay.o
 .debug_macro   0x000000000001f187       0x1c ./Core/Src/audioplay.o
 .debug_macro   0x000000000001f1a3       0x3d ./Core/Src/audioplay.o
 .debug_macro   0x000000000001f1e0       0x16 ./Core/Src/audioplay.o
 .debug_macro   0x000000000001f1f6      0x145 ./Core/Src/audioplay.o
 .debug_macro   0x000000000001f33b       0x16 ./Core/Src/audioplay.o
 .debug_macro   0x000000000001f351       0x16 ./Core/Src/audioplay.o
 .debug_macro   0x000000000001f367       0x29 ./Core/Src/audioplay.o
 .debug_macro   0x000000000001f390       0x16 ./Core/Src/audioplay.o
 .debug_macro   0x000000000001f3a6       0x20 ./Core/Src/audioplay.o
 .debug_macro   0x000000000001f3c6       0x16 ./Core/Src/audioplay.o
 .debug_macro   0x000000000001f3dc       0x6b ./Core/Src/audioplay.o
 .debug_macro   0x000000000001f447      0x20f ./Core/Src/audioplay.o
 .debug_macro   0x000000000001f656       0xe9 ./Core/Src/audioplay.o
 .debug_macro   0x000000000001f73f      0x206 ./Core/Src/dma.o
 .debug_macro   0x000000000001f945       0x10 ./Core/Src/dma.o
 .debug_macro   0x000000000001f955      0x206 ./Core/Src/gpio.o
 .debug_macro   0x000000000001fb5b      0x206 ./Core/Src/i2s.o
 .debug_macro   0x000000000001fd61      0x409 ./Core/Src/main.o
 .debug_macro   0x000000000002016a      0x1fc ./Core/Src/stm32f4xx_hal_msp.o
 .debug_macro   0x0000000000020366      0x206 ./Core/Src/stm32f4xx_it.o
 .debug_macro   0x000000000002056c      0x1ed ./Core/Src/system_stm32f4xx.o
 .debug_macro   0x0000000000020759      0x24d ./Drivers/STM32F4xx_HAL_Driver/Src/stm32f4xx_hal.o
 .debug_macro   0x00000000000209a6      0x1ed ./Drivers/STM32F4xx_HAL_Driver/Src/stm32f4xx_hal_cortex.o
 .debug_macro   0x0000000000020b93      0x1f3 ./Drivers/STM32F4xx_HAL_Driver/Src/stm32f4xx_hal_dma.o
 .debug_macro   0x0000000000020d86      0x1f3 ./Drivers/STM32F4xx_HAL_Driver/Src/stm32f4xx_hal_gpio.o
 .debug_macro   0x0000000000020f79      0x1f5 ./Drivers/STM32F4xx_HAL_Driver/Src/stm32f4xx_hal_i2s.o
 .debug_macro   0x000000000002116e      0x1ed ./Drivers/STM32F4xx_HAL_Driver/Src/stm32f4xx_hal_i2s_ex.o
 .debug_macro   0x000000000002135b      0x1f9 ./Drivers/STM32F4xx_HAL_Driver/Src/stm32f4xx_hal_pcd.o
 .debug_macro   0x0000000000021554      0x1ed ./Drivers/STM32F4xx_HAL_Driver/Src/stm32f4xx_hal_pcd_ex.o
 .debug_macro   0x0000000000021741      0x211 ./Drivers/STM32F4xx_HAL_Driver/Src/stm32f4xx_hal_rcc.o
 .debug_macro   0x0000000000021952      0x1ed ./Drivers/STM32F4xx_HAL_Driver/Src/stm32f4xx_hal_rcc_ex.o
 .debug_macro   0x0000000000021b3f      0x1ed ./Drivers/STM32F4xx_HAL_Driver/Src/stm32f4xx_ll_usb.o
 .debug_macro   0x0000000000021d2c      0x41e ./Middlewares/ST/STM32_USB_Device_Library/Class/AUDIO/Src/usbd_audio.o
 .debug_macro   0x000000000002214a       0x97 ./Middlewares/ST/STM32_USB_Device_Library/Class/AUDIO/Src/usbd_audio.o
 .debug_macro   0x00000000000221e1       0xfd ./Middlewares/ST/STM32_USB_Device_Library/Class/AUDIO/Src/usbd_audio.o
 .debug_macro   0x00000000000222de       0x56 ./Middlewares/ST/STM32_USB_Device_Library/Class/AUDIO/Src/usbd_audio.o
 .debug_macro   0x0000000000022334      0x3f9 ./Middlewares/ST/STM32_USB_Device_Library/Core/Src/usbd_core.o
 .debug_macro   0x000000000002272d      0x215 ./Middlewares/ST/STM32_USB_Device_Library/Core/Src/usbd_core.o
 .debug_macro   0x0000000000022942      0x403 ./Middlewares/ST/STM32_USB_Device_Library/Core/Src/usbd_ctlreq.o
 .debug_macro   0x0000000000022d45      0x3ff ./Middlewares/ST/STM32_USB_Device_Library/Core/Src/usbd_ioreq.o
 .debug_macro   0x0000000000023144      0x433 ./USB_DEVICE/App/usb_device.o
 .debug_macro   0x0000000000023577       0x22 ./USB_DEVICE/App/usb_device.o
 .debug_macro   0x0000000000023599      0x426 ./USB_DEVICE/App/usbd_audio_if.o
 .debug_macro   0x00000000000239bf      0x43c ./USB_DEVICE/App/usbd_desc.o
 .debug_macro   0x0000000000023dfb       0x1c ./USB_DEVICE/App/usbd_desc.o
 .debug_macro   0x0000000000023e17      0x416 ./USB_DEVICE/Target/usbd_conf.o

.debug_line     0x0000000000000000    0x15905
 .debug_line    0x0000000000000000      0xab5 ./Core/Src/audioplay.o
 .debug_line    0x0000000000000ab5      0x6e2 ./Core/Src/dma.o
 .debug_line    0x0000000000001197      0x6f6 ./Core/Src/gpio.o
 .debug_line    0x000000000000188d      0x7a3 ./Core/Src/i2s.o
 .debug_line    0x0000000000002030      0xa45 ./Core/Src/main.o
 .debug_line    0x0000000000002a75      0x6e6 ./Core/Src/stm32f4xx_hal_msp.o
 .debug_line    0x000000000000315b      0x7dc ./Core/Src/stm32f4xx_it.o
 .debug_line    0x0000000000003937      0x768 ./Core/Src/system_stm32f4xx.o
 .debug_line    0x000000000000409f       0x88 ./Core/Startup/startup_stm32f407vetx.o
 .debug_line    0x0000000000004127      0x9e2 ./Drivers/STM32F4xx_HAL_Driver/Src/stm32f4xx_hal.o
 .debug_line    0x0000000000004b09      0xe42 ./Drivers/STM32F4xx_HAL_Driver/Src/stm32f4xx_hal_cortex.o
 .debug_line    0x000000000000594b     0x10f0 ./Drivers/STM32F4xx_HAL_Driver/Src/stm32f4xx_hal_dma.o
 .debug_line    0x0000000000006a3b      0xd1e ./Drivers/STM32F4xx_HAL_Driver/Src/stm32f4xx_hal_gpio.o
 .debug_line    0x0000000000007759     0x1413 ./Drivers/STM32F4xx_HAL_Driver/Src/stm32f4xx_hal_i2s.o
 .debug_line    0x0000000000008b6c     0x1466 ./Drivers/STM32F4xx_HAL_Driver/Src/stm32f4xx_hal_i2s_ex.o